Archive member included to satisfy reference by file (symbol)

C:\Users\Harry\AppData\Local\arduino\cores\8f0fbb3ca403d2454f9be1516613d648\core.a(HardwareSerial.cpp.o)
                              (--whole-archive)
C:\Users\Harry\AppData\Local\arduino\cores\8f0fbb3ca403d2454f9be1516613d648\core.a(HardwareTimer.cpp.o)
                              (--whole-archive)
C:\Users\Harry\AppData\Local\arduino\cores\8f0fbb3ca403d2454f9be1516613d648\core.a(IPAddress.cpp.o)
                              (--whole-archive)
C:\Users\Harry\AppData\Local\arduino\cores\8f0fbb3ca403d2454f9be1516613d648\core.a(Print.cpp.o)
                              (--whole-archive)
C:\Users\Harry\AppData\Local\arduino\cores\8f0fbb3ca403d2454f9be1516613d648\core.a(Stream.cpp.o)
                              (--whole-archive)
C:\Users\Harry\AppData\Local\arduino\cores\8f0fbb3ca403d2454f9be1516613d648\core.a(Tone.cpp.o)
                              (--whole-archive)
C:\Users\Harry\AppData\Local\arduino\cores\8f0fbb3ca403d2454f9be1516613d648\core.a(WInterrupts.cpp.o)
                              (--whole-archive)
C:\Users\Harry\AppData\Local\arduino\cores\8f0fbb3ca403d2454f9be1516613d648\core.a(WMath.cpp.o)
                              (--whole-archive)
C:\Users\Harry\AppData\Local\arduino\cores\8f0fbb3ca403d2454f9be1516613d648\core.a(WString.cpp.o)
                              (--whole-archive)
C:\Users\Harry\AppData\Local\arduino\cores\8f0fbb3ca403d2454f9be1516613d648\core.a(abi.cpp.o)
                              (--whole-archive)
C:\Users\Harry\AppData\Local\arduino\cores\8f0fbb3ca403d2454f9be1516613d648\core.a(dtostrf.c.o)
                              (--whole-archive)
C:\Users\Harry\AppData\Local\arduino\cores\8f0fbb3ca403d2454f9be1516613d648\core.a(board.c.o)
                              (--whole-archive)
C:\Users\Harry\AppData\Local\arduino\cores\8f0fbb3ca403d2454f9be1516613d648\core.a(PortNames.c.o)
                              (--whole-archive)
C:\Users\Harry\AppData\Local\arduino\cores\8f0fbb3ca403d2454f9be1516613d648\core.a(analog.cpp.o)
                              (--whole-archive)
C:\Users\Harry\AppData\Local\arduino\cores\8f0fbb3ca403d2454f9be1516613d648\core.a(ch32_def.c.o)
                              (--whole-archive)
C:\Users\Harry\AppData\Local\arduino\cores\8f0fbb3ca403d2454f9be1516613d648\core.a(clock.c.o)
                              (--whole-archive)
C:\Users\Harry\AppData\Local\arduino\cores\8f0fbb3ca403d2454f9be1516613d648\core.a(hw_config.c.o)
                              (--whole-archive)
C:\Users\Harry\AppData\Local\arduino\cores\8f0fbb3ca403d2454f9be1516613d648\core.a(interrupt.cpp.o)
                              (--whole-archive)
C:\Users\Harry\AppData\Local\arduino\cores\8f0fbb3ca403d2454f9be1516613d648\core.a(ch32yyxx_adc.c.o)
                              (--whole-archive)
C:\Users\Harry\AppData\Local\arduino\cores\8f0fbb3ca403d2454f9be1516613d648\core.a(ch32yyxx_bkp.c.o)
                              (--whole-archive)
C:\Users\Harry\AppData\Local\arduino\cores\8f0fbb3ca403d2454f9be1516613d648\core.a(ch32yyxx_can.c.o)
                              (--whole-archive)
C:\Users\Harry\AppData\Local\arduino\cores\8f0fbb3ca403d2454f9be1516613d648\core.a(ch32yyxx_crc.c.o)
                              (--whole-archive)
C:\Users\Harry\AppData\Local\arduino\cores\8f0fbb3ca403d2454f9be1516613d648\core.a(ch32yyxx_dac.c.o)
                              (--whole-archive)
C:\Users\Harry\AppData\Local\arduino\cores\8f0fbb3ca403d2454f9be1516613d648\core.a(ch32yyxx_dbgmcu.c.o)
                              (--whole-archive)
C:\Users\Harry\AppData\Local\arduino\cores\8f0fbb3ca403d2454f9be1516613d648\core.a(ch32yyxx_debug.c.o)
                              (--whole-archive)
C:\Users\Harry\AppData\Local\arduino\cores\8f0fbb3ca403d2454f9be1516613d648\core.a(ch32yyxx_dma.c.o)
                              (--whole-archive)
C:\Users\Harry\AppData\Local\arduino\cores\8f0fbb3ca403d2454f9be1516613d648\core.a(ch32yyxx_dvp.c.o)
                              (--whole-archive)
C:\Users\Harry\AppData\Local\arduino\cores\8f0fbb3ca403d2454f9be1516613d648\core.a(ch32yyxx_eth.c.o)
                              (--whole-archive)
C:\Users\Harry\AppData\Local\arduino\cores\8f0fbb3ca403d2454f9be1516613d648\core.a(ch32yyxx_exti.c.o)
                              (--whole-archive)
C:\Users\Harry\AppData\Local\arduino\cores\8f0fbb3ca403d2454f9be1516613d648\core.a(ch32yyxx_flash.c.o)
                              (--whole-archive)
C:\Users\Harry\AppData\Local\arduino\cores\8f0fbb3ca403d2454f9be1516613d648\core.a(ch32yyxx_fsmc.c.o)
                              (--whole-archive)
C:\Users\Harry\AppData\Local\arduino\cores\8f0fbb3ca403d2454f9be1516613d648\core.a(ch32yyxx_gpio.c.o)
                              (--whole-archive)
C:\Users\Harry\AppData\Local\arduino\cores\8f0fbb3ca403d2454f9be1516613d648\core.a(ch32yyxx_i2c.c.o)
                              (--whole-archive)
[...]
Memory Configuration

Name             Origin             Length             Attributes
FLASH            0x0000000000000000 0x0000000000004000 xr
RAM              0x0000000020000000 0x0000000000000800 xrw
*default*        0x0000000000000000 0xffffffffffffffff

Linker script and memory map

                0x0000000000004000                __FLASH_SIZE = 0x4000
                0x0000000000000800                __RAM_SIZE = 0x800
START GROUP
LOAD C:\Users\Harry\AppData\Local\arduino\sketches\C7812F6FBA319B201987EC37DE8D29C9\sketch\fanControl_handheld.ino.cpp.o
LOAD C:\Users\Harry\AppData\Local\arduino\sketches\C7812F6FBA319B201987EC37DE8D29C9\core\PeripheralPins.c.o
LOAD C:\Users\Harry\AppData\Local\arduino\sketches\C7812F6FBA319B201987EC37DE8D29C9\core\variant_CH32V003F4.cpp.o
LOAD c:/users/harry/appdata/local/arduino15/packages/wch/tools/riscv-none-embed-gcc/8.2.0/bin/../lib/gcc/riscv-none-embed/8.2.0/../../../../riscv-none-embed/lib/rv32ecxw/ilp32e\libprintf.a
LOAD C:\Users\Harry\AppData\Local\arduino\cores\8f0fbb3ca403d2454f9be1516613d648\core.a
END GROUP
LOAD c:/users/harry/appdata/local/arduino15/packages/wch/tools/riscv-none-embed-gcc/8.2.0/bin/../lib/gcc/riscv-none-embed/8.2.0/../../../../riscv-none-embed/lib/rv32ecxw/ilp32e\libstdc++_nano.a
LOAD c:/users/harry/appdata/local/arduino15/packages/wch/tools/riscv-none-embed-gcc/8.2.0/bin/../lib/gcc/riscv-none-embed/8.2.0/../../../../riscv-none-embed/lib/rv32ecxw/ilp32e\libm.a
LOAD c:/users/harry/appdata/local/arduino15/packages/wch/tools/riscv-none-embed-gcc/8.2.0/bin/../lib/gcc/riscv-none-embed/8.2.0/../../../../riscv-none-embed/lib/rv32ecxw/ilp32e\libc_nano.a
LOAD c:/users/harry/appdata/local/arduino15/packages/wch/tools/riscv-none-embed-gcc/8.2.0/bin/../lib/gcc/riscv-none-embed/8.2.0/rv32ecxw/ilp32e\libgcc.a
LOAD c:/users/harry/appdata/local/arduino15/packages/wch/tools/riscv-none-embed-gcc/8.2.0/bin/../lib/gcc/riscv-none-embed/8.2.0/../../../../riscv-none-embed/lib/rv32ecxw/ilp32e\libc_nano.a
LOAD c:/users/harry/appdata/local/arduino15/packages/wch/tools/riscv-none-embed-gcc/8.2.0/bin/../lib/gcc/riscv-none-embed/8.2.0/rv32ecxw/ilp32e\libgcc.a
START GROUP
LOAD c:/users/harry/appdata/local/arduino15/packages/wch/tools/riscv-none-embed-gcc/8.2.0/bin/../lib/gcc/riscv-none-embed/8.2.0/rv32ecxw/ilp32e\libgcc.a
LOAD c:/users/harry/appdata/local/arduino15/packages/wch/tools/riscv-none-embed-gcc/8.2.0/bin/../lib/gcc/riscv-none-embed/8.2.0/../../../../riscv-none-embed/lib/rv32ecxw/ilp32e\libc_nano.a
LOAD c:/users/harry/appdata/local/arduino15/packages/wch/tools/riscv-none-embed-gcc/8.2.0/bin/../lib/gcc/riscv-none-embed/8.2.0/../../../../riscv-none-embed/lib/rv32ecxw/ilp32e\libnosys.a
END GROUP
START GROUP
LOAD c:/users/harry/appdata/local/arduino15/packages/wch/tools/riscv-none-embed-gcc/8.2.0/bin/../lib/gcc/riscv-none-embed/8.2.0/rv32ecxw/ilp32e\libgcc.a
LOAD c:/users/harry/appdata/local/arduino15/packages/wch/tools/riscv-none-embed-gcc/8.2.0/bin/../lib/gcc/riscv-none-embed/8.2.0/../../../../riscv-none-embed/lib/rv32ecxw/ilp32e\libc_nano.a
LOAD c:/users/harry/appdata/local/arduino15/packages/wch/tools/riscv-none-embed-gcc/8.2.0/bin/../lib/gcc/riscv-none-embed/8.2.0/../../../../riscv-none-embed/lib/rv32ecxw/ilp32e\libnosys.a
END GROUP
                0x00000000000001c0                __stack_size = 0x1c0
                [!provide]                        PROVIDE (_stack_size = __stack_size)

.init           0x0000000000000000       0xa0
                0x0000000000000000                _sinit = .
                0x0000000000000000                . = ALIGN (0x4)
 *(SORT_NONE(.init))
 .init          0x0000000000000000       0x9e C:\Users\Harry\AppData\Local\arduino\cores\8f0fbb3ca403d2454f9be1516613d648\core.a(startup_ch32yyxx.S.o)
                0x0000000000000000                _start
                0x00000000000000a0                . = ALIGN (0x4)
 *fill*         0x000000000000009e        0x2 
                0x00000000000000a0                _einit = .

.text           0x00000000000000a0     0x377c
                0x00000000000000a0                . = ALIGN (0x4)
 *(.text)
 .text          0x00000000000000a0       0xa8 c:/users/harry/appdata/local/arduino15/packages/wch/tools/riscv-none-embed-gcc/8.2.0/bin/../lib/gcc/riscv-none-embed/8.2.0/../../../../riscv-none-embed/lib/rv32ecxw/ilp32e\libc_nano.a(lib_a-memset.o)
                0x00000000000000a0                memset
 .text          0x0000000000000148       0x14 c:/users/harry/appdata/local/arduino15/packages/wch/tools/riscv-none-embed-gcc/8.2.0/bin/../lib/gcc/riscv-none-embed/8.2.0/rv32ecxw/ilp32e\libgcc.a(save-restore.o)
                0x0000000000000148                __riscv_save_1
                0x0000000000000148                __riscv_save_2
                0x0000000000000148                __riscv_save_0
                0x0000000000000152                __riscv_restore_0
                0x0000000000000152                __riscv_restore_1
                0x0000000000000152                __riscv_restore_2
 .text          0x000000000000015c       0x16 c:/users/harry/appdata/local/arduino15/packages/wch/tools/riscv-none-embed-gcc/8.2.0/bin/../lib/gcc/riscv-none-embed/8.2.0/rv32ecxw/ilp32e\libgcc.a(muldi3.o)
                0x000000000000015c                __mulsi3
 *fill*         0x0000000000000172        0x2 
 .text          0x0000000000000174       0x7e c:/users/harry/appdata/local/arduino15/packages/wch/tools/riscv-none-embed-gcc/8.2.0/bin/../lib/gcc/riscv-none-embed/8.2.0/rv32ecxw/ilp32e\libgcc.a(div.o)
                0x0000000000000174                __divsi3
                0x000000000000017c                __udivsi3
                0x00000000000001a8                __umodsi3
                0x00000000000001cc                __modsi3
 *(.text.*)
 .text._ZL11ws2812_sendhhh
                0x00000000000001f2       0x90 C:\Users\Harry\AppData\Local\arduino\sketches\C7812F6FBA319B201987EC37DE8D29C9\sketch\fanControl_handheld.ino.cpp.o
 .text._ZL10charge_isrv
                0x0000000000000282       0x12 C:\Users\Harry\AppData\Local\arduino\sketches\C7812F6FBA319B201987EC37DE8D29C9\sketch\fanControl_handheld.ino.cpp.o
 .text._ZL13fan_pwm_writei
                0x0000000000000294       0x1e C:\Users\Harry\AppData\Local\arduino\sketches\C7812F6FBA319B201987EC37DE8D29C9\sketch\fanControl_handheld.ino.cpp.o
 .text._ZL7fan_offv
                0x00000000000002b2       0x18 C:\Users\Harry\AppData\Local\arduino\sketches\C7812F6FBA319B201987EC37DE8D29C9\sketch\fanControl_handheld.ino.cpp.o
 .text._ZL16deep_sleep_enterv
                0x00000000000002ca       0xb0 C:\Users\Harry\AppData\Local\arduino\sketches\C7812F6FBA319B201987EC37DE8D29C9\sketch\fanControl_handheld.ino.cpp.o
 .text._ZL9batt_taskv
                0x000000000000037a       0x80 C:\Users\Harry\AppData\Local\arduino\sketches\C7812F6FBA319B201987EC37DE8D29C9\sketch\fanControl_handheld.ino.cpp.o
 .text._ZL8btn_taskm
                0x00000000000003fa      0x16c C:\Users\Harry\AppData\Local\arduino\sketches\C7812F6FBA319B201987EC37DE8D29C9\sketch\fanControl_handheld.ino.cpp.o
 .text._ZL8led_taskm
                0x0000000000000566      0x194 C:\Users\Harry\AppData\Local\arduino\sketches\C7812F6FBA319B201987EC37DE8D29C9\sketch\fanControl_handheld.ino.cpp.o
 .text.setup    0x00000000000006fa      0x102 C:\Users\Harry\AppData\Local\arduino\sketches\C7812F6FBA319B201987EC37DE8D29C9\sketch\fanControl_handheld.ino.cpp.o
                0x00000000000006fa                setup
 .text.loop     0x00000000000007fc      0x11c C:\Users\Harry\AppData\Local\arduino\sketches\C7812F6FBA319B201987EC37DE8D29C9\sketch\fanControl_handheld.ino.cpp.o
                0x00000000000007fc                loop
 .text._ZN5Print17availableForWriteEv
                0x0000000000000918        0x4 C:\Users\Harry\AppData\Local\arduino\cores\8f0fbb3ca403d2454f9be1516613d648\core.a(HardwareSerial.cpp.o)
                0x0000000000000918                Print::availableForWrite()
 .text._ZN5Print5flushEv
                0x000000000000091c        0x2 C:\Users\Harry\AppData\Local\arduino\cores\8f0fbb3ca403d2454f9be1516613d648\core.a(HardwareSerial.cpp.o)
                0x000000000000091c                Print::flush()
 .text._ZN14HardwareSerial9availableEv
                0x000000000000091e        0x4 C:\Users\Harry\AppData\Local\arduino\cores\8f0fbb3ca403d2454f9be1516613d648\core.a(HardwareSerial.cpp.o)
                0x000000000000091e                HardwareSerial::available()
                0x000000000000091e                HardwareSerial::peek()
 .text._ZN14HardwareSerial5writeEh
                0x0000000000000922       0x1a C:\Users\Harry\AppData\Local\arduino\cores\8f0fbb3ca403d2454f9be1516613d648\core.a(HardwareSerial.cpp.o)
                0x0000000000000922                HardwareSerial::write(unsigned char)
 .text._ZN14HardwareSerial4readEv
                0x000000000000093c       0x1e C:\Users\Harry\AppData\Local\arduino\cores\8f0fbb3ca403d2454f9be1516613d648\core.a(HardwareSerial.cpp.o)
                0x000000000000093c                HardwareSerial::read()
 .text._ZN14HardwareSerial5writeEPKhj
                0x000000000000095a       0x10 C:\Users\Harry\AppData\Local\arduino\cores\8f0fbb3ca403d2454f9be1516613d648\core.a(HardwareSerial.cpp.o)
                0x000000000000095a                HardwareSerial::write(unsigned char const*, unsigned int)
 .text._ZN14HardwareSerial5setRxEm
                0x000000000000096a       0x58 C:\Users\Harry\AppData\Local\arduino\cores\8f0fbb3ca403d2454f9be1516613d648\core.a(HardwareSerial.cpp.o)
                0x000000000000096a                HardwareSerial::setRx(unsigned long)
 .text._ZN14HardwareSerial5setTxEm
                0x00000000000009c2       0x58 C:\Users\Harry\AppData\Local\arduino\cores\8f0fbb3ca403d2454f9be1516613d648\core.a(HardwareSerial.cpp.o)
                0x00000000000009c2                HardwareSerial::setTx(unsigned long)
 .text._ZN14HardwareSerialC2EPv
                0x0000000000000a1a       0x3e C:\Users\Harry\AppData\Local\arduino\cores\8f0fbb3ca403d2454f9be1516613d648\core.a(HardwareSerial.cpp.o)
                0x0000000000000a1a                HardwareSerial::HardwareSerial(void*)
                0x0000000000000a1a                HardwareSerial::HardwareSerial(void*)
 .text.startup._GLOBAL__sub_I__ZN14HardwareSerialC2EPv
                0x0000000000000a58       0x16 C:\Users\Harry\AppData\Local\arduino\cores\8f0fbb3ca403d2454f9be1516613d648\core.a(HardwareSerial.cpp.o)
 .text._ZNSt8functionIFvvEEaSEDn.isra.3
                0x0000000000000a6e       0x1e C:\Users\Harry\AppData\Local\arduino\cores\8f0fbb3ca403d2454f9be1516613d648\core.a(HardwareTimer.cpp.o)
 .text._ZN13HardwareTimer15getTimerClkFreqEv.constprop.8
                0x0000000000000a8c       0x1e C:\Users\Harry\AppData\Local\arduino\cores\8f0fbb3ca403d2454f9be1516613d648\core.a(HardwareTimer.cpp.o)
 .text._ZNSt14_Function_baseD2Ev
                0x0000000000000aaa       0x14 C:\Users\Harry\AppData\Local\arduino\cores\8f0fbb3ca403d2454f9be1516613d648\core.a(HardwareTimer.cpp.o)
                0x0000000000000aaa                std::_Function_base::~_Function_base()
                0x0000000000000aaa                std::_Function_base::~_Function_base()
 .text._ZN13HardwareTimer12getLLChannelEm
                0x0000000000000abe       0x2c C:\Users\Harry\AppData\Local\arduino\cores\8f0fbb3ca403d2454f9be1516613d648\core.a(HardwareTimer.cpp.o)
                0x0000000000000abe                HardwareTimer::getLLChannel(unsigned long)
 .text._ZN13HardwareTimer13resumeChannelEm
                0x0000000000000aea      0x12e C:\Users\Harry\AppData\Local\arduino\cores\8f0fbb3ca403d2454f9be1516613d648\core.a(HardwareTimer.cpp.o)
                0x0000000000000aea                HardwareTimer::resumeChannel(unsigned long)
 .text._ZN13HardwareTimer6resumeEv
                0x0000000000000c18       0x40 C:\Users\Harry\AppData\Local\arduino\cores\8f0fbb3ca403d2454f9be1516613d648\core.a(HardwareTimer.cpp.o)
                0x0000000000000c18                HardwareTimer::resume()
 .text._ZN13HardwareTimer27TIM_OC_ConfigChannel_StaticEP11TIM_TypeDefP17TIM_OCInitTypeDefm
                0x0000000000000c58       0x3c C:\Users\Harry\AppData\Local\arduino\cores\8f0fbb3ca403d2454f9be1516613d648\core.a(HardwareTimer.cpp.o)
                0x0000000000000c58                HardwareTimer::TIM_OC_ConfigChannel_Static(TIM_TypeDef*, TIM_OCInitTypeDef*, unsigned long)
 .text._ZN13HardwareTimer27TIM_IC_ConfigChannel_StaticEP11TIM_TypeDefP17TIM_ICInitTypeDefm
                0x0000000000000c94       0x4c C:\Users\Harry\AppData\Local\arduino\cores\8f0fbb3ca403d2454f9be1516613d648\core.a(HardwareTimer.cpp.o)
                0x0000000000000c94                HardwareTimer::TIM_IC_ConfigChannel_Static(TIM_TypeDef*, TIM_ICInitTypeDef*, unsigned long)
 .text._ZN13HardwareTimer7setModeEm12TimerModes_t7PinName
                0x0000000000000ce0      0x180 C:\Users\Harry\AppData\Local\arduino\cores\8f0fbb3ca403d2454f9be1516613d648\core.a(HardwareTimer.cpp.o)
                0x0000000000000ce0                HardwareTimer::setMode(unsigned long, TimerModes_t, PinName)
 .text._ZN13HardwareTimer7getModeEm
                0x0000000000000e60       0x14 C:\Users\Harry\AppData\Local\arduino\cores\8f0fbb3ca403d2454f9be1516613d648\core.a(HardwareTimer.cpp.o)
                0x0000000000000e60                HardwareTimer::getMode(unsigned long)
 .text._ZN13HardwareTimer7refreshEv
                0x0000000000000e74       0x10 C:\Users\Harry\AppData\Local\arduino\cores\8f0fbb3ca403d2454f9be1516613d648\core.a(HardwareTimer.cpp.o)
                0x0000000000000e74                HardwareTimer::refresh()
 .text._ZN13HardwareTimer9isRunningEv
                0x0000000000000e84        0x8 C:\Users\Harry\AppData\Local\arduino\cores\8f0fbb3ca403d2454f9be1516613d648\core.a(HardwareTimer.cpp.o)
                0x0000000000000e84                HardwareTimer::isRunning()
 .text._ZN13HardwareTimer27updateRegistersIfNotRunningEP11TIM_TypeDef
                0x0000000000000e8c       0x3a C:\Users\Harry\AppData\Local\arduino\cores\8f0fbb3ca403d2454f9be1516613d648\core.a(HardwareTimer.cpp.o)
                0x0000000000000e8c                HardwareTimer::updateRegistersIfNotRunning(TIM_TypeDef*)
 .text._ZN13HardwareTimer11setOverflowEm13TimerFormat_t
                0x0000000000000ec6       0x66 C:\Users\Harry\AppData\Local\arduino\cores\8f0fbb3ca403d2454f9be1516613d648\core.a(HardwareTimer.cpp.o)
                0x0000000000000ec6                HardwareTimer::setOverflow(unsigned long, TimerFormat_t)
 .text._ZN13HardwareTimer17setCaptureCompareEmm20TimerCompareFormat_t
                0x0000000000000f2c      0x132 C:\Users\Harry\AppData\Local\arduino\cores\8f0fbb3ca403d2454f9be1516613d648\core.a(HardwareTimer.cpp.o)
                0x0000000000000f2c                HardwareTimer::setCaptureCompare(unsigned long, unsigned long, TimerCompareFormat_t)
 .text._Z15get_timer_indexP11TIM_TypeDef
                0x000000000000105e       0x22 C:\Users\Harry\AppData\Local\arduino\cores\8f0fbb3ca403d2454f9be1516613d648\core.a(HardwareTimer.cpp.o)
                0x000000000000105e                get_timer_index(TIM_TypeDef*)
 .text._ZN13HardwareTimerD2Ev
                0x0000000000001080       0x3e C:\Users\Harry\AppData\Local\arduino\cores\8f0fbb3ca403d2454f9be1516613d648\core.a(HardwareTimer.cpp.o)
                0x0000000000001080                HardwareTimer::~HardwareTimer()
                0x0000000000001080                HardwareTimer::~HardwareTimer()
 .text._ZN13HardwareTimer5setupEP11TIM_TypeDef
                0x00000000000010be       0xae C:\Users\Harry\AppData\Local\arduino\cores\8f0fbb3ca403d2454f9be1516613d648\core.a(HardwareTimer.cpp.o)
                0x00000000000010be                HardwareTimer::setup(TIM_TypeDef*)
 .text._ZN13HardwareTimerC2EP11TIM_TypeDef
                0x000000000000116c       0x3c C:\Users\Harry\AppData\Local\arduino\cores\8f0fbb3ca403d2454f9be1516613d648\core.a(HardwareTimer.cpp.o)
                0x000000000000116c                HardwareTimer::HardwareTimer(TIM_TypeDef*)
                0x000000000000116c                HardwareTimer::HardwareTimer(TIM_TypeDef*)
 .text._ZNKSt8functionIFvvEEclEv
                0x00000000000011a8       0x14 C:\Users\Harry\AppData\Local\arduino\cores\8f0fbb3ca403d2454f9be1516613d648\core.a(HardwareTimer.cpp.o)
                0x00000000000011a8                std::function<void ()>::operator()() const
 .text._ZN13HardwareTimer14updateCallbackEP17TIM_HandleTypeDef
                0x00000000000011bc       0x3a C:\Users\Harry\AppData\Local\arduino\cores\8f0fbb3ca403d2454f9be1516613d648\core.a(HardwareTimer.cpp.o)
                0x00000000000011bc                HardwareTimer::updateCallback(TIM_HandleTypeDef*)
 .text.TIM1_UP_IRQHandler
                0x00000000000011f6        0xe C:\Users\Harry\AppData\Local\arduino\cores\8f0fbb3ca403d2454f9be1516613d648\core.a(HardwareTimer.cpp.o)
                0x00000000000011f6                TIM1_UP_IRQHandler
 .text._ZN13HardwareTimer22captureCompareCallbackEP17TIM_HandleTypeDef
                0x0000000000001204       0x9c C:\Users\Harry\AppData\Local\arduino\cores\8f0fbb3ca403d2454f9be1516613d648\core.a(HardwareTimer.cpp.o)
                0x0000000000001204                HardwareTimer::captureCompareCallback(TIM_HandleTypeDef*)
 .text.TIM1_CC_IRQHandler
                0x00000000000012a0        0xe C:\Users\Harry\AppData\Local\arduino\cores\8f0fbb3ca403d2454f9be1516613d648\core.a(HardwareTimer.cpp.o)
                0x00000000000012a0                TIM1_CC_IRQHandler
 .text.TIM2_IRQHandler
                0x00000000000012ae       0x1e C:\Users\Harry\AppData\Local\arduino\cores\8f0fbb3ca403d2454f9be1516613d648\core.a(HardwareTimer.cpp.o)
                0x00000000000012ae                TIM2_IRQHandler
 .text._ZN6Stream9timedReadEv
                0x00000000000012cc       0x2c C:\Users\Harry\AppData\Local\arduino\cores\8f0fbb3ca403d2454f9be1516613d648\core.a(Stream.cpp.o)
                0x00000000000012cc                Stream::timedRead()
 .text._ZN6Stream9readBytesEPcj
                0x00000000000012f8       0x30 C:\Users\Harry\AppData\Local\arduino\cores\8f0fbb3ca403d2454f9be1516613d648\core.a(Stream.cpp.o)
                0x00000000000012f8                Stream::readBytes(char*, unsigned int)
 .text._ZN6Stream14readBytesUntilEcPcj
                0x0000000000001328       0x3c C:\Users\Harry\AppData\Local\arduino\cores\8f0fbb3ca403d2454f9be1516613d648\core.a(Stream.cpp.o)
                0x0000000000001328                Stream::readBytesUntil(char, char*, unsigned int)
 .text._Z15attachInterruptm16GPIOMode_TypeDefPFvvE16EXTIMode_TypeDef19EXTITrigger_TypeDef
                0x0000000000001364       0xb2 C:\Users\Harry\AppData\Local\arduino\cores\8f0fbb3ca403d2454f9be1516613d648\core.a(WInterrupts.cpp.o)
                0x0000000000001364                attachInterrupt(unsigned long, GPIOMode_TypeDef, void (*)(), EXTIMode_TypeDef, EXTITrigger_TypeDef)
 .text.pre_init
                0x0000000000001416        0xa C:\Users\Harry\AppData\Local\arduino\cores\8f0fbb3ca403d2454f9be1516613d648\core.a(board.c.o)
                0x0000000000001416                pre_init
 .text.set_GPIO_Port_Clock
                0x0000000000001420       0x4c C:\Users\Harry\AppData\Local\arduino\cores\8f0fbb3ca403d2454f9be1516613d648\core.a(PortNames.c.o)
                0x0000000000001420                set_GPIO_Port_Clock
 .text.get_adc_channel
                0x000000000000146c       0x2a C:\Users\Harry\AppData\Local\arduino\cores\8f0fbb3ca403d2454f9be1516613d648\core.a(analog.cpp.o)
                0x000000000000146c                get_adc_channel
 .text.ADC_Clock_EN
                0x0000000000001496       0x34 C:\Users\Harry\AppData\Local\arduino\cores\8f0fbb3ca403d2454f9be1516613d648\core.a(analog.cpp.o)
                0x0000000000001496                ADC_Clock_EN
 .text.ADC_Stop
                0x00000000000014ca        0xc C:\Users\Harry\AppData\Local\arduino\cores\8f0fbb3ca403d2454f9be1516613d648\core.a(analog.cpp.o)
                0x00000000000014ca                ADC_Stop
 .text.adc_read_value
                0x00000000000014d6       0xb4 C:\Users\Harry\AppData\Local\arduino\cores\8f0fbb3ca403d2454f9be1516613d648\core.a(analog.cpp.o)
                0x00000000000014d6                adc_read_value
 .text.pwm_start
                0x000000000000158a       0xb6 C:\Users\Harry\AppData\Local\arduino\cores\8f0fbb3ca403d2454f9be1516613d648\core.a(analog.cpp.o)
                0x000000000000158a                pwm_start
 .text.pwm_stop
                0x0000000000001640       0x72 C:\Users\Harry\AppData\Local\arduino\cores\8f0fbb3ca403d2454f9be1516613d648\core.a(analog.cpp.o)
                0x0000000000001640                pwm_stop
 .text.GetTick  0x00000000000016b2        0xa C:\Users\Harry\AppData\Local\arduino\cores\8f0fbb3ca403d2454f9be1516613d648\core.a(clock.c.o)
                0x00000000000016b2                GetTick
 .text.noOsSystickHandler
                0x00000000000016bc        0x2 C:\Users\Harry\AppData\Local\arduino\cores\8f0fbb3ca403d2454f9be1516613d648\core.a(clock.c.o)
                0x00000000000016bc                osSystickHandler
                0x00000000000016bc                noOsSystickHandler
 .text.getCurrentMillis
                0x00000000000016be        0xa C:\Users\Harry\AppData\Local\arduino\cores\8f0fbb3ca403d2454f9be1516613d648\core.a(clock.c.o)
                0x00000000000016be                getCurrentMillis
 .text.SysTick_Handler
                0x00000000000016c8       0x2a C:\Users\Harry\AppData\Local\arduino\cores\8f0fbb3ca403d2454f9be1516613d648\core.a(clock.c.o)
                0x00000000000016c8                SysTick_Handler
 .text.systick_init
                0x00000000000016f2       0x3c C:\Users\Harry\AppData\Local\arduino\cores\8f0fbb3ca403d2454f9be1516613d648\core.a(hw_config.c.o)
                0x00000000000016f2                systick_init
 .text.hw_config_init
                0x000000000000172e        0xa C:\Users\Harry\AppData\Local\arduino\cores\8f0fbb3ca403d2454f9be1516613d648\core.a(hw_config.c.o)
                0x000000000000172e                hw_config_init
 .text._Z21ch32_interrupt_enableP12GPIO_TypeDef16GPIOMode_TypeDeftPFvvE16EXTIMode_TypeDef19EXTITrigger_TypeDef
                0x0000000000001738       0xbe C:\Users\Harry\AppData\Local\arduino\cores\8f0fbb3ca403d2454f9be1516613d648\core.a(interrupt.cpp.o)
                0x0000000000001738                ch32_interrupt_enable(GPIO_TypeDef*, GPIOMode_TypeDef, unsigned short, void (*)(), EXTIMode_TypeDef, EXTITrigger_TypeDef)
 .text._Z19_gpio_exti_callbackt
                0x00000000000017f6       0x2e C:\Users\Harry\AppData\Local\arduino\cores\8f0fbb3ca403d2454f9be1516613d648\core.a(interrupt.cpp.o)
                0x00000000000017f6                _gpio_exti_callback(unsigned short)
 .text.EXTI7_0_IRQHandler
                0x0000000000001824       0x2c C:\Users\Harry\AppData\Local\arduino\cores\8f0fbb3ca403d2454f9be1516613d648\core.a(interrupt.cpp.o)
                0x0000000000001824                EXTI7_0_IRQHandler
 .text.ADC_DeInit
                0x0000000000001850       0x26 C:\Users\Harry\AppData\Local\arduino\cores\8f0fbb3ca403d2454f9be1516613d648\core.a(ch32yyxx_adc.c.o)
                0x0000000000001850                ADC_DeInit
 .text.ADC_Init
                0x0000000000001876       0x4e C:\Users\Harry\AppData\Local\arduino\cores\8f0fbb3ca403d2454f9be1516613d648\core.a(ch32yyxx_adc.c.o)
                0x0000000000001876                ADC_Init
 .text.ADC_Cmd  0x00000000000018c4       0x10 C:\Users\Harry\AppData\Local\arduino\cores\8f0fbb3ca403d2454f9be1516613d648\core.a(ch32yyxx_adc.c.o)
                0x00000000000018c4                ADC_Cmd
 .text.ADC_SoftwareStartConvCmd
                0x00000000000018d4       0x18 C:\Users\Harry\AppData\Local\arduino\cores\8f0fbb3ca403d2454f9be1516613d648\core.a(ch32yyxx_adc.c.o)
                0x00000000000018d4                ADC_SoftwareStartConvCmd
 .text.ADC_RegularChannelConfig
                0x00000000000018ec       0xba C:\Users\Harry\AppData\Local\arduino\cores\8f0fbb3ca403d2454f9be1516613d648\core.a(ch32yyxx_adc.c.o)
                0x00000000000018ec                ADC_RegularChannelConfig
 .text.ADC_GetFlagStatus
                0x00000000000019a6        0xa C:\Users\Harry\AppData\Local\arduino\cores\8f0fbb3ca403d2454f9be1516613d648\core.a(ch32yyxx_adc.c.o)
                0x00000000000019a6                ADC_GetFlagStatus
 .text._sbrk    0x00000000000019b0       0x22 C:\Users\Harry\AppData\Local\arduino\cores\8f0fbb3ca403d2454f9be1516613d648\core.a(ch32yyxx_debug.c.o)
                0x00000000000019b0                _sbrk
 .text._fini    0x00000000000019d2        0x2 C:\Users\Harry\AppData\Local\arduino\cores\8f0fbb3ca403d2454f9be1516613d648\core.a(ch32yyxx_debug.c.o)
                0x00000000000019d2                _fini
 .text._init    0x00000000000019d4        0x2 C:\Users\Harry\AppData\Local\arduino\cores\8f0fbb3ca403d2454f9be1516613d648\core.a(ch32yyxx_debug.c.o)
                0x00000000000019d4                _init
 .text.EXTI_Init
                0x00000000000019d6       0x6a C:\Users\Harry\AppData\Local\arduino\cores\8f0fbb3ca403d2454f9be1516613d648\core.a(ch32yyxx_exti.c.o)
                0x00000000000019d6                EXTI_Init
 .text.EXTI_GetITStatus
                0x0000000000001a40       0x1e C:\Users\Harry\AppData\Local\arduino\cores\8f0fbb3ca403d2454f9be1516613d648\core.a(ch32yyxx_exti.c.o)
                0x0000000000001a40                EXTI_GetITStatus
 .text.EXTI_ClearITPendingBit
                0x0000000000001a5e        0xa C:\Users\Harry\AppData\Local\arduino\cores\8f0fbb3ca403d2454f9be1516613d648\core.a(ch32yyxx_exti.c.o)
                0x0000000000001a5e                EXTI_ClearITPendingBit
 .text.GPIO_Init
                0x0000000000001a68       0xd6 C:\Users\Harry\AppData\Local\arduino\cores\8f0fbb3ca403d2454f9be1516613d648\core.a(ch32yyxx_gpio.c.o)
                0x0000000000001a68                GPIO_Init
 .text.GPIO_ReadInputDataBit
                0x0000000000001b3e        0xa C:\Users\Harry\AppData\Local\arduino\cores\8f0fbb3ca403d2454f9be1516613d648\core.a(ch32yyxx_gpio.c.o)
                0x0000000000001b3e                GPIO_ReadInputDataBit
 .text.GPIO_SetBits
                0x0000000000001b48        0x4 C:\Users\Harry\AppData\Local\arduino\cores\8f0fbb3ca403d2454f9be1516613d648\core.a(ch32yyxx_gpio.c.o)
                0x0000000000001b48                GPIO_SetBits
 .text.GPIO_ResetBits
                0x0000000000001b4c        0x4 C:\Users\Harry\AppData\Local\arduino\cores\8f0fbb3ca403d2454f9be1516613d648\core.a(ch32yyxx_gpio.c.o)
                0x0000000000001b4c                GPIO_ResetBits
 .text.GPIO_PinRemapConfig
                0x0000000000001b50       0xc4 C:\Users\Harry\AppData\Local\arduino\cores\8f0fbb3ca403d2454f9be1516613d648\core.a(ch32yyxx_gpio.c.o)
                0x0000000000001b50                GPIO_PinRemapConfig
 .text.GPIO_EXTILineConfig
                0x0000000000001c14       0x22 C:\Users\Harry\AppData\Local\arduino\cores\8f0fbb3ca403d2454f9be1516613d648\core.a(ch32yyxx_gpio.c.o)
                0x0000000000001c14                GPIO_EXTILineConfig
 .text.NMI_Handler
                0x0000000000001c36        0x4 C:\Users\Harry\AppData\Local\arduino\cores\8f0fbb3ca403d2454f9be1516613d648\core.a(ch32yyxx_it.c.o)
                0x0000000000001c36                NMI_Handler
 .text.HardFault_Handler
                0x0000000000001c3a        0x2 C:\Users\Harry\AppData\Local\arduino\cores\8f0fbb3ca403d2454f9be1516613d648\core.a(ch32yyxx_it.c.o)
                0x0000000000001c3a                HardFault_Handler
 .text.RCC_ADCCLKConfig
                0x0000000000001c3c       0x14 C:\Users\Harry\AppData\Local\arduino\cores\8f0fbb3ca403d2454f9be1516613d648\core.a(ch32yyxx_rcc.c.o)
                0x0000000000001c3c                RCC_ADCCLKConfig
 .text.RCC_GetClocksFreq
                0x0000000000001c50       0x9c C:\Users\Harry\AppData\Local\arduino\cores\8f0fbb3ca403d2454f9be1516613d648\core.a(ch32yyxx_rcc.c.o)
                0x0000000000001c50                RCC_GetClocksFreq
 .text.RCC_APB2PeriphClockCmd
                0x0000000000001cec       0x1e C:\Users\Harry\AppData\Local\arduino\cores\8f0fbb3ca403d2454f9be1516613d648\core.a(ch32yyxx_rcc.c.o)
                0x0000000000001cec                RCC_APB2PeriphClockCmd
 .text.RCC_APB1PeriphClockCmd
                0x0000000000001d0a       0x1e C:\Users\Harry\AppData\Local\arduino\cores\8f0fbb3ca403d2454f9be1516613d648\core.a(ch32yyxx_rcc.c.o)
                0x0000000000001d0a                RCC_APB1PeriphClockCmd
 .text.RCC_APB2PeriphResetCmd
                0x0000000000001d28       0x1e C:\Users\Harry\AppData\Local\arduino\cores\8f0fbb3ca403d2454f9be1516613d648\core.a(ch32yyxx_rcc.c.o)
                0x0000000000001d28                RCC_APB2PeriphResetCmd
 .text.TI1_Config
                0x0000000000001d46       0x5a C:\Users\Harry\AppData\Local\arduino\cores\8f0fbb3ca403d2454f9be1516613d648\core.a(ch32yyxx_tim.c.o)
 .text.TI2_Config
                0x0000000000001da0       0x70 C:\Users\Harry\AppData\Local\arduino\cores\8f0fbb3ca403d2454f9be1516613d648\core.a(ch32yyxx_tim.c.o)
 .text.TIM_TimeBaseInit
                0x0000000000001e10       0x4e C:\Users\Harry\AppData\Local\arduino\cores\8f0fbb3ca403d2454f9be1516613d648\core.a(ch32yyxx_tim.c.o)
                0x0000000000001e10                TIM_TimeBaseInit
 .text.TIM_OC1Init
                0x0000000000001e5e       0x6a C:\Users\Harry\AppData\Local\arduino\cores\8f0fbb3ca403d2454f9be1516613d648\core.a(ch32yyxx_tim.c.o)
                0x0000000000001e5e                TIM_OC1Init
 .text.TIM_OC2Init
                0x0000000000001ec8       0x96 C:\Users\Harry\AppData\Local\arduino\cores\8f0fbb3ca403d2454f9be1516613d648\core.a(ch32yyxx_tim.c.o)
                0x0000000000001ec8                TIM_OC2Init
 .text.TIM_OC3Init
                0x0000000000001f5e       0x94 C:\Users\Harry\AppData\Local\arduino\cores\8f0fbb3ca403d2454f9be1516613d648\core.a(ch32yyxx_tim.c.o)
                0x0000000000001f5e                TIM_OC3Init
 .text.TIM_OC4Init
                0x0000000000001ff2       0x6e C:\Users\Harry\AppData\Local\arduino\cores\8f0fbb3ca403d2454f9be1516613d648\core.a(ch32yyxx_tim.c.o)
                0x0000000000001ff2                TIM_OC4Init
 .text.TIM_Cmd  0x0000000000002060       0x18 C:\Users\Harry\AppData\Local\arduino\cores\8f0fbb3ca403d2454f9be1516613d648\core.a(ch32yyxx_tim.c.o)
                0x0000000000002060                TIM_Cmd
 .text.TIM_ITConfig
                0x0000000000002078       0x12 C:\Users\Harry\AppData\Local\arduino\cores\8f0fbb3ca403d2454f9be1516613d648\core.a(ch32yyxx_tim.c.o)
                0x0000000000002078                TIM_ITConfig
 .text.TIM_GenerateEvent
                0x000000000000208a        0x4 C:\Users\Harry\AppData\Local\arduino\cores\8f0fbb3ca403d2454f9be1516613d648\core.a(ch32yyxx_tim.c.o)
                0x000000000000208a                TIM_GenerateEvent
 .text.TIM_ARRPreloadConfig
                0x000000000000208e       0x1a C:\Users\Harry\AppData\Local\arduino\cores\8f0fbb3ca403d2454f9be1516613d648\core.a(ch32yyxx_tim.c.o)
                0x000000000000208e                TIM_ARRPreloadConfig
 .text.TIM_CCxCmd
                0x00000000000020a8       0x20 C:\Users\Harry\AppData\Local\arduino\cores\8f0fbb3ca403d2454f9be1516613d648\core.a(ch32yyxx_tim.c.o)
                0x00000000000020a8                TIM_CCxCmd
 .text.TIM_CCxNCmd
                0x00000000000020c8       0x20 C:\Users\Harry\AppData\Local\arduino\cores\8f0fbb3ca403d2454f9be1516613d648\core.a(ch32yyxx_tim.c.o)
                0x00000000000020c8                TIM_CCxNCmd
 .text.TIM_SetCompare1
                0x00000000000020e8        0x4 C:\Users\Harry\AppData\Local\arduino\cores\8f0fbb3ca403d2454f9be1516613d648\core.a(ch32yyxx_tim.c.o)
                0x00000000000020e8                TIM_SetCompare1
 .text.TIM_SetCompare2
                0x00000000000020ec        0x4 C:\Users\Harry\AppData\Local\arduino\cores\8f0fbb3ca403d2454f9be1516613d648\core.a(ch32yyxx_tim.c.o)
                0x00000000000020ec                TIM_SetCompare2
 .text.TIM_SetCompare3
                0x00000000000020f0        0x4 C:\Users\Harry\AppData\Local\arduino\cores\8f0fbb3ca403d2454f9be1516613d648\core.a(ch32yyxx_tim.c.o)
                0x00000000000020f0                TIM_SetCompare3
 .text.TIM_SetCompare4
                0x00000000000020f4        0x4 C:\Users\Harry\AppData\Local\arduino\cores\8f0fbb3ca403d2454f9be1516613d648\core.a(ch32yyxx_tim.c.o)
                0x00000000000020f4                TIM_SetCompare4
 .text.TIM_SetIC1Prescaler
                0x00000000000020f8       0x16 C:\Users\Harry\AppData\Local\arduino\cores\8f0fbb3ca403d2454f9be1516613d648\core.a(ch32yyxx_tim.c.o)
                0x00000000000020f8                TIM_SetIC1Prescaler
 .text.TIM_SetIC2Prescaler
                0x000000000000210e       0x1a C:\Users\Harry\AppData\Local\arduino\cores\8f0fbb3ca403d2454f9be1516613d648\core.a(ch32yyxx_tim.c.o)
                0x000000000000210e                TIM_SetIC2Prescaler
 .text.TIM_SetIC3Prescaler
                0x0000000000002128       0x16 C:\Users\Harry\AppData\Local\arduino\cores\8f0fbb3ca403d2454f9be1516613d648\core.a(ch32yyxx_tim.c.o)
                0x0000000000002128                TIM_SetIC3Prescaler
 .text.TIM_SetIC4Prescaler
                0x000000000000213e       0x1a C:\Users\Harry\AppData\Local\arduino\cores\8f0fbb3ca403d2454f9be1516613d648\core.a(ch32yyxx_tim.c.o)
                0x000000000000213e                TIM_SetIC4Prescaler
 .text.TIM_ICInit
                0x0000000000002158      0x128 C:\Users\Harry\AppData\Local\arduino\cores\8f0fbb3ca403d2454f9be1516613d648\core.a(ch32yyxx_tim.c.o)
                0x0000000000002158                TIM_ICInit
 .text.TIM_GetPrescaler
                0x0000000000002280        0x4 C:\Users\Harry\AppData\Local\arduino\cores\8f0fbb3ca403d2454f9be1516613d648\core.a(ch32yyxx_tim.c.o)
                0x0000000000002280                TIM_GetPrescaler
 .text.TIM_ClearFlag
                0x0000000000002284        0xc C:\Users\Harry\AppData\Local\arduino\cores\8f0fbb3ca403d2454f9be1516613d648\core.a(ch32yyxx_tim.c.o)
                0x0000000000002284                TIM_ClearFlag
 .text.TIM_GetITStatus
                0x0000000000002290       0x18 C:\Users\Harry\AppData\Local\arduino\cores\8f0fbb3ca403d2454f9be1516613d648\core.a(ch32yyxx_tim.c.o)
                0x0000000000002290                TIM_GetITStatus
 .text.TIM_ClearITPendingBit
                0x00000000000022a8        0xc C:\Users\Harry\AppData\Local\arduino\cores\8f0fbb3ca403d2454f9be1516613d648\core.a(ch32yyxx_tim.c.o)
                0x00000000000022a8                TIM_ClearITPendingBit
 .text.USART_Init
                0x00000000000022b4       0xce C:\Users\Harry\AppData\Local\arduino\cores\8f0fbb3ca403d2454f9be1516613d648\core.a(ch32yyxx_usart.c.o)
                0x00000000000022b4                USART_Init
 .text.USART_Cmd
                0x0000000000002382       0x16 C:\Users\Harry\AppData\Local\arduino\cores\8f0fbb3ca403d2454f9be1516613d648\core.a(ch32yyxx_usart.c.o)
                0x0000000000002382                USART_Cmd
 .text.USART_SendData
                0x0000000000002398        0x8 C:\Users\Harry\AppData\Local\arduino\cores\8f0fbb3ca403d2454f9be1516613d648\core.a(ch32yyxx_usart.c.o)
                0x0000000000002398                USART_SendData
 .text.USART_ReceiveData
                0x00000000000023a0        0x8 C:\Users\Harry\AppData\Local\arduino\cores\8f0fbb3ca403d2454f9be1516613d648\core.a(ch32yyxx_usart.c.o)
                0x00000000000023a0                USART_ReceiveData
 .text.USART_HalfDuplexCmd
                0x00000000000023a8       0x18 C:\Users\Harry\AppData\Local\arduino\cores\8f0fbb3ca403d2454f9be1516613d648\core.a(ch32yyxx_usart.c.o)
                0x00000000000023a8                USART_HalfDuplexCmd
 .text.USART_GetFlagStatus
                0x00000000000023c0        0xa C:\Users\Harry\AppData\Local\arduino\cores\8f0fbb3ca403d2454f9be1516613d648\core.a(ch32yyxx_usart.c.o)
                0x00000000000023c0                USART_GetFlagStatus
 .text.SystemInit
                0x00000000000023ca       0x90 C:\Users\Harry\AppData\Local\arduino\cores\8f0fbb3ca403d2454f9be1516613d648\core.a(system_ch32yyxx.c.o)
                0x00000000000023ca                SystemInit
 .text.pin_in_pinmap
                0x000000000000245a       0x1e C:\Users\Harry\AppData\Local\arduino\cores\8f0fbb3ca403d2454f9be1516613d648\core.a(pinmap.c.o)
                0x000000000000245a                pin_in_pinmap
 .text.pin_function
                0x0000000000002478      0x198 C:\Users\Harry\AppData\Local\arduino\cores\8f0fbb3ca403d2454f9be1516613d648\core.a(pinmap.c.o)
                0x0000000000002478                pin_function
 .text.pinmap_pinout
                0x0000000000002610       0x26 C:\Users\Harry\AppData\Local\arduino\cores\8f0fbb3ca403d2454f9be1516613d648\core.a(pinmap.c.o)
                0x0000000000002610                pinmap_pinout
 .text.pinmap_find_peripheral
                0x0000000000002636       0x18 C:\Users\Harry\AppData\Local\arduino\cores\8f0fbb3ca403d2454f9be1516613d648\core.a(pinmap.c.o)
                0x0000000000002636                pinmap_find_peripheral
 .text.pinmap_peripheral
                0x000000000000264e       0x14 C:\Users\Harry\AppData\Local\arduino\cores\8f0fbb3ca403d2454f9be1516613d648\core.a(pinmap.c.o)
                0x000000000000264e                pinmap_peripheral
 .text.pinmap_find_function
                0x0000000000002662       0x18 C:\Users\Harry\AppData\Local\arduino\cores\8f0fbb3ca403d2454f9be1516613d648\core.a(pinmap.c.o)
                0x0000000000002662                pinmap_find_function
 .text.pinmap_function
                0x000000000000267a       0x14 C:\Users\Harry\AppData\Local\arduino\cores\8f0fbb3ca403d2454f9be1516613d648\core.a(pinmap.c.o)
                0x000000000000267a                pinmap_function
 .text.pinmap_merge_peripheral
                0x000000000000268e       0x12 C:\Users\Harry\AppData\Local\arduino\cores\8f0fbb3ca403d2454f9be1516613d648\core.a(pinmap.c.o)
                0x000000000000268e                pinmap_merge_peripheral
 .text.vector_handler
                0x00000000000026a0       0x36 C:\Users\Harry\AppData\Local\arduino\cores\8f0fbb3ca403d2454f9be1516613d648\core.a(startup_ch32yyxx.S.o)
                0x00000000000026a6                SW_Handler
                0x00000000000026a8                WWDG_IRQHandler
                0x00000000000026aa                PVD_IRQHandler
                0x00000000000026ac                FLASH_IRQHandler
                0x00000000000026ae                RCC_IRQHandler
                0x00000000000026b2                AWU_IRQHandler
                0x00000000000026b4                DMA1_Channel1_IRQHandler
                0x00000000000026b6                DMA1_Channel2_IRQHandler
                0x00000000000026b8                DMA1_Channel3_IRQHandler
                0x00000000000026ba                DMA1_Channel4_IRQHandler
                0x00000000000026bc                DMA1_Channel5_IRQHandler
                0x00000000000026be                DMA1_Channel6_IRQHandler
                0x00000000000026c0                DMA1_Channel7_IRQHandler
                0x00000000000026c2                ADC1_IRQHandler
                0x00000000000026c4                I2C1_EV_IRQHandler
                0x00000000000026c6                I2C1_ER_IRQHandler
                0x00000000000026c8                USART1_IRQHandler
                0x00000000000026ca                SPI1_IRQHandler
                0x00000000000026cc                TIM1_BRK_IRQHandler
                0x00000000000026d0                TIM1_TRG_COM_IRQHandler
 .text.handle_reset
                0x00000000000026d6       0x8c C:\Users\Harry\AppData\Local\arduino\cores\8f0fbb3ca403d2454f9be1516613d648\core.a(startup_ch32yyxx.S.o)
                0x00000000000026d6                handle_reset
 .text.get_timer_obj
                0x0000000000002762        0x4 C:\Users\Harry\AppData\Local\arduino\cores\8f0fbb3ca403d2454f9be1516613d648\core.a(timer.c.o)
                0x0000000000002762                get_timer_obj
 .text.enableTimerClock
                0x0000000000002766       0x36 C:\Users\Harry\AppData\Local\arduino\cores\8f0fbb3ca403d2454f9be1516613d648\core.a(timer.c.o)
                0x0000000000002766                enableTimerClock
 .text.disableTimerClock
                0x000000000000279c       0x36 C:\Users\Harry\AppData\Local\arduino\cores\8f0fbb3ca403d2454f9be1516613d648\core.a(timer.c.o)
                0x000000000000279c                disableTimerClock
 .text.getTimerChannel
                0x00000000000027d2       0x28 C:\Users\Harry\AppData\Local\arduino\cores\8f0fbb3ca403d2454f9be1516613d648\core.a(timer.c.o)
                0x00000000000027d2                getTimerChannel
 .text.uart_init.part.0
                0x00000000000027fa      0x152 C:\Users\Harry\AppData\Local\arduino\cores\8f0fbb3ca403d2454f9be1516613d648\core.a(uart.c.o)
 .text.uart_debug_init
                0x000000000000294c       0x46 C:\Users\Harry\AppData\Local\arduino\cores\8f0fbb3ca403d2454f9be1516613d648\core.a(uart.c.o)
                0x000000000000294c                uart_debug_init
 .text.serial_rx_active
                0x0000000000002992       0x26 C:\Users\Harry\AppData\Local\arduino\cores\8f0fbb3ca403d2454f9be1516613d648\core.a(uart.c.o)
                0x0000000000002992                serial_rx_active
 .text.serial_tx_active
                0x00000000000029b8       0x26 C:\Users\Harry\AppData\Local\arduino\cores\8f0fbb3ca403d2454f9be1516613d648\core.a(uart.c.o)
                0x00000000000029b8                serial_tx_active
 .text.uart_debug_write
                0x00000000000029de      0x10a C:\Users\Harry\AppData\Local\arduino\cores\8f0fbb3ca403d2454f9be1516613d648\core.a(uart.c.o)
                0x00000000000029de                uart_debug_write
 .text.uart_getc
                0x0000000000002ae8       0x36 C:\Users\Harry\AppData\Local\arduino\cores\8f0fbb3ca403d2454f9be1516613d648\core.a(uart.c.o)
                0x0000000000002ae8                uart_getc
 .text.__empty  0x0000000000002b1e        0x2 C:\Users\Harry\AppData\Local\arduino\cores\8f0fbb3ca403d2454f9be1516613d648\core.a(hooks.c.o)
                0x0000000000002b1e                yield
 .text.startup.main
                0x0000000000002b20       0x12 C:\Users\Harry\AppData\Local\arduino\cores\8f0fbb3ca403d2454f9be1516613d648\core.a(main.cpp.o)
                0x0000000000002b20                main
 .text.pinNametoDigitalPin
                0x0000000000002b32       0x38 C:\Users\Harry\AppData\Local\arduino\cores\8f0fbb3ca403d2454f9be1516613d648\core.a(pins_arduino.cpp.o)
                0x0000000000002b32                pinNametoDigitalPin
 .text.analogInputToPinName
                0x0000000000002b6a      0x152 C:\Users\Harry\AppData\Local\arduino\cores\8f0fbb3ca403d2454f9be1516613d648\core.a(pins_arduino.cpp.o)
                0x0000000000002b6a                analogInputToPinName
 .text.mapResolution
                0x0000000000002cbc       0x30 C:\Users\Harry\AppData\Local\arduino\cores\8f0fbb3ca403d2454f9be1516613d648\core.a(wiring_analog.c.o)
 .text.analogRead
                0x0000000000002cec       0x2a C:\Users\Harry\AppData\Local\arduino\cores\8f0fbb3ca403d2454f9be1516613d648\core.a(wiring_analog.c.o)
                0x0000000000002cec                analogRead
 .text.analogWrite
                0x0000000000002d16       0xd8 C:\Users\Harry\AppData\Local\arduino\cores\8f0fbb3ca403d2454f9be1516613d648\core.a(wiring_analog.c.o)
                0x0000000000002d16                analogWrite
 .text.pinMode  0x0000000000002dee       0xf2 C:\Users\Harry\AppData\Local\arduino\cores\8f0fbb3ca403d2454f9be1516613d648\core.a(wiring_digital.c.o)
                0x0000000000002dee                pinMode
 .text.digitalWrite
                0x0000000000002ee0       0x98 C:\Users\Harry\AppData\Local\arduino\cores\8f0fbb3ca403d2454f9be1516613d648\core.a(wiring_digital.c.o)
                0x0000000000002ee0                digitalWrite
 .text.digitalRead
                0x0000000000002f78       0x90 C:\Users\Harry\AppData\Local\arduino\cores\8f0fbb3ca403d2454f9be1516613d648\core.a(wiring_digital.c.o)
                0x0000000000002f78                digitalRead
 .text.millis   0x0000000000003008        0xc C:\Users\Harry\AppData\Local\arduino\cores\8f0fbb3ca403d2454f9be1516613d648\core.a(wiring_time.c.o)
                0x0000000000003008                millis
 .text.delay    0x0000000000003014       0x22 C:\Users\Harry\AppData\Local\arduino\cores\8f0fbb3ca403d2454f9be1516613d648\core.a(wiring_time.c.o)
                0x0000000000003014                delay
 .text._Znwj    0x0000000000003036       0x24 c:/users/harry/appdata/local/arduino15/packages/wch/tools/riscv-none-embed-gcc/8.2.0/bin/../lib/gcc/riscv-none-embed/8.2.0/../../../../riscv-none-embed/lib/rv32ecxw/ilp32e\libstdc++_nano.a(new_op.o)
                0x0000000000003036                operator new(unsigned int)
 .text._ZdlPvj  0x000000000000305a        0x2 c:/users/harry/appdata/local/arduino15/packages/wch/tools/riscv-none-embed-gcc/8.2.0/bin/../lib/gcc/riscv-none-embed/8.2.0/../../../../riscv-none-embed/lib/rv32ecxw/ilp32e\libstdc++_nano.a(del_ops.o)
                0x000000000000305a                operator delete(void*, unsigned int)
 .text._ZSt15get_new_handlerv
                0x000000000000305c        0x8 c:/users/harry/appdata/local/arduino15/packages/wch/tools/riscv-none-embed-gcc/8.2.0/bin/../lib/gcc/riscv-none-embed/8.2.0/../../../../riscv-none-embed/lib/rv32ecxw/ilp32e\libstdc++_nano.a(new_handler.o)
                0x000000000000305c                std::get_new_handler()
 .text.unlikely._ZSt25__throw_bad_function_callv
                0x0000000000003064        0x6 c:/users/harry/appdata/local/arduino15/packages/wch/tools/riscv-none-embed-gcc/8.2.0/bin/../lib/gcc/riscv-none-embed/8.2.0/../../../../riscv-none-embed/lib/rv32ecxw/ilp32e\libstdc++_nano.a(functional.o)
                0x0000000000003064                std::__throw_bad_function_call()
 .text._ZdlPv   0x000000000000306a        0x2 c:/users/harry/appdata/local/arduino15/packages/wch/tools/riscv-none-embed-gcc/8.2.0/bin/../lib/gcc/riscv-none-embed/8.2.0/../../../../riscv-none-embed/lib/rv32ecxw/ilp32e\libstdc++_nano.a(del_op.o)
                0x000000000000306a                operator delete(void*)
 .text.abort    0x000000000000306c        0xc c:/users/harry/appdata/local/arduino15/packages/wch/tools/riscv-none-embed-gcc/8.2.0/bin/../lib/gcc/riscv-none-embed/8.2.0/../../../../riscv-none-embed/lib/rv32ecxw/ilp32e\libc_nano.a(lib_a-abort.o)
                0x000000000000306c                abort
 .text.atexit   0x0000000000003078        0xa c:/users/harry/appdata/local/arduino15/packages/wch/tools/riscv-none-embed-gcc/8.2.0/bin/../lib/gcc/riscv-none-embed/8.2.0/../../../../riscv-none-embed/lib/rv32ecxw/ilp32e\libc_nano.a(lib_a-atexit.o)
                0x0000000000003078                atexit
 .text.__libc_fini_array
                0x0000000000003082       0x3a c:/users/harry/appdata/local/arduino15/packages/wch/tools/riscv-none-embed-gcc/8.2.0/bin/../lib/gcc/riscv-none-embed/8.2.0/../../../../riscv-none-embed/lib/rv32ecxw/ilp32e\libc_nano.a(lib_a-fini.o)
                0x0000000000003082                __libc_fini_array
 .text.__libc_init_array
                0x00000000000030bc       0x76 c:/users/harry/appdata/local/arduino15/packages/wch/tools/riscv-none-embed-gcc/8.2.0/bin/../lib/gcc/riscv-none-embed/8.2.0/../../../../riscv-none-embed/lib/rv32ecxw/ilp32e\libc_nano.a(lib_a-init.o)
                0x00000000000030bc                __libc_init_array
 .text.malloc   0x0000000000003132        0xa c:/users/harry/appdata/local/arduino15/packages/wch/tools/riscv-none-embed-gcc/8.2.0/bin/../lib/gcc/riscv-none-embed/8.2.0/../../../../riscv-none-embed/lib/rv32ecxw/ilp32e\libc_nano.a(lib_a-malloc.o)
                0x0000000000003132                malloc
 .text.free     0x000000000000313c        0xa c:/users/harry/appdata/local/arduino15/packages/wch/tools/riscv-none-embed-gcc/8.2.0/bin/../lib/gcc/riscv-none-embed/8.2.0/../../../../riscv-none-embed/lib/rv32ecxw/ilp32e\libc_nano.a(lib_a-malloc.o)
                0x000000000000313c                free
 .text._free_r  0x0000000000003146       0xa4 c:/users/harry/appdata/local/arduino15/packages/wch/tools/riscv-none-embed-gcc/8.2.0/bin/../lib/gcc/riscv-none-embed/8.2.0/../../../../riscv-none-embed/lib/rv32ecxw/ilp32e\libc_nano.a(lib_a-nano-freer.o)
                0x0000000000003146                _free_r
 .text._malloc_r
                0x00000000000031ea       0xd4 c:/users/harry/appdata/local/arduino15/packages/wch/tools/riscv-none-embed-gcc/8.2.0/bin/../lib/gcc/riscv-none-embed/8.2.0/../../../../riscv-none-embed/lib/rv32ecxw/ilp32e\libc_nano.a(lib_a-nano-mallocr.o)
                0x00000000000031ea                _malloc_r
 .text._sbrk_r  0x00000000000032be       0x2a c:/users/harry/appdata/local/arduino15/packages/wch/tools/riscv-none-embed-gcc/8.2.0/bin/../lib/gcc/riscv-none-embed/8.2.0/../../../../riscv-none-embed/lib/rv32ecxw/ilp32e\libc_nano.a(lib_a-sbrkr.o)
                0x00000000000032be                _sbrk_r
 .text._raise_r
                0x00000000000032e8       0x62 c:/users/harry/appdata/local/arduino15/packages/wch/tools/riscv-none-embed-gcc/8.2.0/bin/../lib/gcc/riscv-none-embed/8.2.0/../../../../riscv-none-embed/lib/rv32ecxw/ilp32e\libc_nano.a(lib_a-signal.o)
                0x00000000000032e8                _raise_r
 .text.raise    0x000000000000334a        0xc c:/users/harry/appdata/local/arduino15/packages/wch/tools/riscv-none-embed-gcc/8.2.0/bin/../lib/gcc/riscv-none-embed/8.2.0/../../../../riscv-none-embed/lib/rv32ecxw/ilp32e\libc_nano.a(lib_a-signal.o)
                0x000000000000334a                raise
 .text._kill_r  0x0000000000003356       0x2a c:/users/harry/appdata/local/arduino15/packages/wch/tools/riscv-none-embed-gcc/8.2.0/bin/../lib/gcc/riscv-none-embed/8.2.0/../../../../riscv-none-embed/lib/rv32ecxw/ilp32e\libc_nano.a(lib_a-signalr.o)
                0x0000000000003356                _kill_r
 .text._getpid_r
                0x0000000000003380        0x2 c:/users/harry/appdata/local/arduino15/packages/wch/tools/riscv-none-embed-gcc/8.2.0/bin/../lib/gcc/riscv-none-embed/8.2.0/../../../../riscv-none-embed/lib/rv32ecxw/ilp32e\libc_nano.a(lib_a-signalr.o)
                0x0000000000003380                _getpid_r
 .text.__register_exitproc
                0x0000000000003382       0x7a c:/users/harry/appdata/local/arduino15/packages/wch/tools/riscv-none-embed-gcc/8.2.0/bin/../lib/gcc/riscv-none-embed/8.2.0/../../../../riscv-none-embed/lib/rv32ecxw/ilp32e\libc_nano.a(lib_a-__atexit.o)
                0x0000000000003382                __register_exitproc
 .text.startup.register_fini
                0x00000000000033fc       0x18 c:/users/harry/appdata/local/arduino15/packages/wch/tools/riscv-none-embed-gcc/8.2.0/bin/../lib/gcc/riscv-none-embed/8.2.0/../../../../riscv-none-embed/lib/rv32ecxw/ilp32e\libc_nano.a(lib_a-__call_atexit.o)
 .text.__malloc_lock
                0x0000000000003414        0x2 c:/users/harry/appdata/local/arduino15/packages/wch/tools/riscv-none-embed-gcc/8.2.0/bin/../lib/gcc/riscv-none-embed/8.2.0/../../../../riscv-none-embed/lib/rv32ecxw/ilp32e\libc_nano.a(lib_a-mlock.o)
                0x0000000000003414                __malloc_lock
 .text.__malloc_unlock
                0x0000000000003416        0x2 c:/users/harry/appdata/local/arduino15/packages/wch/tools/riscv-none-embed-gcc/8.2.0/bin/../lib/gcc/riscv-none-embed/8.2.0/../../../../riscv-none-embed/lib/rv32ecxw/ilp32e\libc_nano.a(lib_a-mlock.o)
                0x0000000000003416                __malloc_unlock
 .text._getpid  0x0000000000003418        0xc c:/users/harry/appdata/local/arduino15/packages/wch/tools/riscv-none-embed-gcc/8.2.0/bin/../lib/gcc/riscv-none-embed/8.2.0/../../../../riscv-none-embed/lib/rv32ecxw/ilp32e\libnosys.a(getpid.o)
                0x0000000000003418                _getpid
 .text._kill    0x0000000000003424        0xc c:/users/harry/appdata/local/arduino15/packages/wch/tools/riscv-none-embed-gcc/8.2.0/bin/../lib/gcc/riscv-none-embed/8.2.0/../../../../riscv-none-embed/lib/rv32ecxw/ilp32e\libnosys.a(kill.o)
                0x0000000000003424                _kill
 .text._exit    0x0000000000003430        0x2 c:/users/harry/appdata/local/arduino15/packages/wch/tools/riscv-none-embed-gcc/8.2.0/bin/../lib/gcc/riscv-none-embed/8.2.0/../../../../riscv-none-embed/lib/rv32ecxw/ilp32e\libnosys.a(_exit.o)
                0x0000000000003430                _exit
 *(.rodata)
 *(.rodata*)
 *fill*         0x0000000000003432        0x2 
 .rodata._ZL9dutyTable
                0x0000000000003434       0x18 C:\Users\Harry\AppData\Local\arduino\sketches\C7812F6FBA319B201987EC37DE8D29C9\sketch\fanControl_handheld.ino.cpp.o
 .rodata._ZZL8led_taskmE10dutyColors
                0x000000000000344c       0x48 C:\Users\Harry\AppData\Local\arduino\sketches\C7812F6FBA319B201987EC37DE8D29C9\sketch\fanControl_handheld.ino.cpp.o
 .rodata.PinMap_ADC
                0x0000000000003494       0x6c C:\Users\Harry\AppData\Local\arduino\sketches\C7812F6FBA319B201987EC37DE8D29C9\core\PeripheralPins.c.o
                0x0000000000003494                PinMap_ADC
 .rodata.PinMap_TIM
                0x0000000000003500       0x90 C:\Users\Harry\AppData\Local\arduino\sketches\C7812F6FBA319B201987EC37DE8D29C9\core\PeripheralPins.c.o
                0x0000000000003500                PinMap_TIM
 .rodata.PinMap_UART_CTS
                0x0000000000003590       0x18 C:\Users\Harry\AppData\Local\arduino\sketches\C7812F6FBA319B201987EC37DE8D29C9\core\PeripheralPins.c.o
                0x0000000000003590                PinMap_UART_CTS
 .rodata.PinMap_UART_RTS
                0x00000000000035a8       0x18 C:\Users\Harry\AppData\Local\arduino\sketches\C7812F6FBA319B201987EC37DE8D29C9\core\PeripheralPins.c.o
                0x00000000000035a8                PinMap_UART_RTS
 .rodata.PinMap_UART_RX
                0x00000000000035c0       0x18 C:\Users\Harry\AppData\Local\arduino\sketches\C7812F6FBA319B201987EC37DE8D29C9\core\PeripheralPins.c.o
                0x00000000000035c0                PinMap_UART_RX
 .rodata.PinMap_UART_TX
                0x00000000000035d8       0x18 C:\Users\Harry\AppData\Local\arduino\sketches\C7812F6FBA319B201987EC37DE8D29C9\core\PeripheralPins.c.o
                0x00000000000035d8                PinMap_UART_TX
 .rodata.analogInputPin
                0x00000000000035f0       0x20 C:\Users\Harry\AppData\Local\arduino\sketches\C7812F6FBA319B201987EC37DE8D29C9\core\variant_CH32V003F4.cpp.o
                0x00000000000035f0                analogInputPin
 .rodata.digitalPin
                0x0000000000003610       0x48 C:\Users\Harry\AppData\Local\arduino\sketches\C7812F6FBA319B201987EC37DE8D29C9\core\variant_CH32V003F4.cpp.o
                0x0000000000003610                digitalPin
 .rodata._ZTV14HardwareSerial
                0x0000000000003658       0x2c C:\Users\Harry\AppData\Local\arduino\cores\8f0fbb3ca403d2454f9be1516613d648\core.a(HardwareSerial.cpp.o)
                0x0000000000003658                vtable for HardwareSerial
 .rodata._ZN13HardwareTimer13resumeChannelEm
                0x0000000000003684       0x34 C:\Users\Harry\AppData\Local\arduino\cores\8f0fbb3ca403d2454f9be1516613d648\core.a(HardwareTimer.cpp.o)
 .rodata._ZN13HardwareTimer7setModeEm12TimerModes_t7PinName
                0x00000000000036b8       0x34 C:\Users\Harry\AppData\Local\arduino\cores\8f0fbb3ca403d2454f9be1516613d648\core.a(HardwareTimer.cpp.o)
 .rodata.CSWTCH.6
                0x00000000000036ec        0xa C:\Users\Harry\AppData\Local\arduino\cores\8f0fbb3ca403d2454f9be1516613d648\core.a(analog.cpp.o)
 *fill*         0x00000000000036f6        0x2 
 .rodata._ZL10exti_lines
                0x00000000000036f8       0x20 C:\Users\Harry\AppData\Local\arduino\cores\8f0fbb3ca403d2454f9be1516613d648\core.a(interrupt.cpp.o)
 .rodata.pin_function
                0x0000000000003718       0x6c C:\Users\Harry\AppData\Local\arduino\cores\8f0fbb3ca403d2454f9be1516613d648\core.a(pinmap.c.o)
 .rodata.pin_map
                0x0000000000003784       0x20 C:\Users\Harry\AppData\Local\arduino\cores\8f0fbb3ca403d2454f9be1516613d648\core.a(pinmap.c.o)
                0x0000000000003784                pin_map
 .rodata.pinMode
                0x00000000000037a4       0x18 C:\Users\Harry\AppData\Local\arduino\cores\8f0fbb3ca403d2454f9be1516613d648\core.a(wiring_digital.c.o)
 .rodata.__sf_fake_stderr
                0x00000000000037bc       0x20 c:/users/harry/appdata/local/arduino15/packages/wch/tools/riscv-none-embed-gcc/8.2.0/bin/../lib/gcc/riscv-none-embed/8.2.0/../../../../riscv-none-embed/lib/rv32ecxw/ilp32e\libc_nano.a(lib_a-findfp.o)
                0x00000000000037bc                __sf_fake_stderr
 .rodata.__sf_fake_stdin
                0x00000000000037dc       0x20 c:/users/harry/appdata/local/arduino15/packages/wch/tools/riscv-none-embed-gcc/8.2.0/bin/../lib/gcc/riscv-none-embed/8.2.0/../../../../riscv-none-embed/lib/rv32ecxw/ilp32e\libc_nano.a(lib_a-findfp.o)
                0x00000000000037dc                __sf_fake_stdin
 .rodata.__sf_fake_stdout
                0x00000000000037fc       0x20 c:/users/harry/appdata/local/arduino15/packages/wch/tools/riscv-none-embed-gcc/8.2.0/bin/../lib/gcc/riscv-none-embed/8.2.0/../../../../riscv-none-embed/lib/rv32ecxw/ilp32e\libc_nano.a(lib_a-findfp.o)
                0x00000000000037fc                __sf_fake_stdout
 *(.gnu.linkonce.t.*)
                0x000000000000381c                . = ALIGN (0x4)

.rela.dyn       0x000000000000381c        0x0
 .rela.text._ZN14HardwareSerialC2EPv
                0x000000000000381c        0x0 C:\Users\Harry\AppData\Local\arduino\sketches\C7812F6FBA319B201987EC37DE8D29C9\sketch\fanControl_handheld.ino.cpp.o
 .rela.rodata._ZTV14HardwareSerial
                0x000000000000381c        0x0 C:\Users\Harry\AppData\Local\arduino\sketches\C7812F6FBA319B201987EC37DE8D29C9\sketch\fanControl_handheld.ino.cpp.o
 .rela.text._ZN13HardwareTimer7setModeEm12TimerModes_t7PinName
                0x000000000000381c        0x0 C:\Users\Harry\AppData\Local\arduino\sketches\C7812F6FBA319B201987EC37DE8D29C9\sketch\fanControl_handheld.ino.cpp.o
 .rela.text._ZN13HardwareTimerD2Ev
                0x000000000000381c        0x0 C:\Users\Harry\AppData\Local\arduino\sketches\C7812F6FBA319B201987EC37DE8D29C9\sketch\fanControl_handheld.ino.cpp.o
 .rela.text._ZN13HardwareTimer14updateCallbackEP17TIM_HandleTypeDef
                0x000000000000381c        0x0 C:\Users\Harry\AppData\Local\arduino\sketches\C7812F6FBA319B201987EC37DE8D29C9\sketch\fanControl_handheld.ino.cpp.o
 .rela.text._ZN13HardwareTimer22captureCompareCallbackEP17TIM_HandleTypeDef
                0x000000000000381c        0x0 C:\Users\Harry\AppData\Local\arduino\sketches\C7812F6FBA319B201987EC37DE8D29C9\sketch\fanControl_handheld.ino.cpp.o
 .rela.text.get_adc_channel
                0x000000000000381c        0x0 C:\Users\Harry\AppData\Local\arduino\sketches\C7812F6FBA319B201987EC37DE8D29C9\sketch\fanControl_handheld.ino.cpp.o
 .rela.text.ADC_Clock_EN
                0x000000000000381c        0x0 C:\Users\Harry\AppData\Local\arduino\sketches\C7812F6FBA319B201987EC37DE8D29C9\sketch\fanControl_handheld.ino.cpp.o
 .rela.text.adc_read_value
                0x000000000000381c        0x0 C:\Users\Harry\AppData\Local\arduino\sketches\C7812F6FBA319B201987EC37DE8D29C9\sketch\fanControl_handheld.ino.cpp.o
 .rela.text.pwm_start
                0x000000000000381c        0x0 C:\Users\Harry\AppData\Local\arduino\sketches\C7812F6FBA319B201987EC37DE8D29C9\sketch\fanControl_handheld.ino.cpp.o
 .rela.text.pwm_stop
                0x000000000000381c        0x0 C:\Users\Harry\AppData\Local\arduino\sketches\C7812F6FBA319B201987EC37DE8D29C9\sketch\fanControl_handheld.ino.cpp.o
 .rela.text.getCurrentMillis
                0x000000000000381c        0x0 C:\Users\Harry\AppData\Local\arduino\sketches\C7812F6FBA319B201987EC37DE8D29C9\sketch\fanControl_handheld.ino.cpp.o
 .rela.text.SysTick_Handler
                0x000000000000381c        0x0 C:\Users\Harry\AppData\Local\arduino\sketches\C7812F6FBA319B201987EC37DE8D29C9\sketch\fanControl_handheld.ino.cpp.o
 .rela.text._sbrk
                0x000000000000381c        0x0 C:\Users\Harry\AppData\Local\arduino\sketches\C7812F6FBA319B201987EC37DE8D29C9\sketch\fanControl_handheld.ino.cpp.o
 .rela.sdata.curbrk.4047
                0x000000000000381c        0x0 C:\Users\Harry\AppData\Local\arduino\sketches\C7812F6FBA319B201987EC37DE8D29C9\sketch\fanControl_handheld.ino.cpp.o
 .rela.init     0x000000000000381c        0x0 C:\Users\Harry\AppData\Local\arduino\sketches\C7812F6FBA319B201987EC37DE8D29C9\sketch\fanControl_handheld.ino.cpp.o
 .rela.text.handle_reset
                0x000000000000381c        0x0 C:\Users\Harry\AppData\Local\arduino\sketches\C7812F6FBA319B201987EC37DE8D29C9\sketch\fanControl_handheld.ino.cpp.o
 .rela.text.getTimerChannel
                0x000000000000381c        0x0 C:\Users\Harry\AppData\Local\arduino\sketches\C7812F6FBA319B201987EC37DE8D29C9\sketch\fanControl_handheld.ino.cpp.o
 .rela.text.uart_init.part.0
                0x000000000000381c        0x0 C:\Users\Harry\AppData\Local\arduino\sketches\C7812F6FBA319B201987EC37DE8D29C9\sketch\fanControl_handheld.ino.cpp.o
 .rela.text.uart_debug_init
                0x000000000000381c        0x0 C:\Users\Harry\AppData\Local\arduino\sketches\C7812F6FBA319B201987EC37DE8D29C9\sketch\fanControl_handheld.ino.cpp.o
 .rela.text.uart_debug_write
                0x000000000000381c        0x0 C:\Users\Harry\AppData\Local\arduino\sketches\C7812F6FBA319B201987EC37DE8D29C9\sketch\fanControl_handheld.ino.cpp.o
 .rela.text.startup.main
                0x000000000000381c        0x0 C:\Users\Harry\AppData\Local\arduino\sketches\C7812F6FBA319B201987EC37DE8D29C9\sketch\fanControl_handheld.ino.cpp.o
 .rela.text.analogWrite
                0x000000000000381c        0x0 C:\Users\Harry\AppData\Local\arduino\sketches\C7812F6FBA319B201987EC37DE8D29C9\sketch\fanControl_handheld.ino.cpp.o
 .rela.text.pinMode
                0x000000000000381c        0x0 C:\Users\Harry\AppData\Local\arduino\sketches\C7812F6FBA319B201987EC37DE8D29C9\sketch\fanControl_handheld.ino.cpp.o
 .rela.text.delay
                0x000000000000381c        0x0 C:\Users\Harry\AppData\Local\arduino\sketches\C7812F6FBA319B201987EC37DE8D29C9\sketch\fanControl_handheld.ino.cpp.o
 .rela.text.__libc_fini_array
                0x000000000000381c        0x0 C:\Users\Harry\AppData\Local\arduino\sketches\C7812F6FBA319B201987EC37DE8D29C9\sketch\fanControl_handheld.ino.cpp.o
 .rela.text.__libc_init_array
                0x000000000000381c        0x0 C:\Users\Harry\AppData\Local\arduino\sketches\C7812F6FBA319B201987EC37DE8D29C9\sketch\fanControl_handheld.ino.cpp.o
 .rela.text._sbrk_r
                0x000000000000381c        0x0 C:\Users\Harry\AppData\Local\arduino\sketches\C7812F6FBA319B201987EC37DE8D29C9\sketch\fanControl_handheld.ino.cpp.o
 .rela.text._kill_r
                0x000000000000381c        0x0 C:\Users\Harry\AppData\Local\arduino\sketches\C7812F6FBA319B201987EC37DE8D29C9\sketch\fanControl_handheld.ino.cpp.o
 .rela.text.__register_exitproc
                0x000000000000381c        0x0 C:\Users\Harry\AppData\Local\arduino\sketches\C7812F6FBA319B201987EC37DE8D29C9\sketch\fanControl_handheld.ino.cpp.o
 .rela.text.startup.register_fini
                0x000000000000381c        0x0 C:\Users\Harry\AppData\Local\arduino\sketches\C7812F6FBA319B201987EC37DE8D29C9\sketch\fanControl_handheld.ino.cpp.o
 .rela.text._getpid
                0x000000000000381c        0x0 C:\Users\Harry\AppData\Local\arduino\sketches\C7812F6FBA319B201987EC37DE8D29C9\sketch\fanControl_handheld.ino.cpp.o
 .rela.text._kill
                0x000000000000381c        0x0 C:\Users\Harry\AppData\Local\arduino\sketches\C7812F6FBA319B201987EC37DE8D29C9\sketch\fanControl_handheld.ino.cpp.o

.fini           0x000000000000381c        0x0
 *(SORT_NONE(.fini))
                0x000000000000381c                . = ALIGN (0x4)
                [!provide]                        PROVIDE (_etext = .)
                [!provide]                        PROVIDE (_eitcm = .)

.preinit_array  0x000000000000381c        0x0
                0x000000000000381c                PROVIDE (__preinit_array_start = .)
 *(.preinit_array)
                0x000000000000381c                PROVIDE (__preinit_array_end = .)

.init_array     0x000000000000381c        0x8
                0x000000000000381c                PROVIDE (__init_array_start = .)
 *(SORT_BY_INIT_PRIORITY(.init_array.*) SORT_BY_INIT_PRIORITY(.ctors.*))
 .init_array.00000
                0x000000000000381c        0x4 c:/users/harry/appdata/local/arduino15/packages/wch/tools/riscv-none-embed-gcc/8.2.0/bin/../lib/gcc/riscv-none-embed/8.2.0/../../../../riscv-none-embed/lib/rv32ecxw/ilp32e\libc_nano.a(lib_a-__call_atexit.o)
 *(.init_array EXCLUDE_FILE(*crtend?.o *crtend.o *crtbegin?.o *crtbegin.o) .ctors)
 .init_array    0x0000000000003820        0x4 C:\Users\Harry\AppData\Local\arduino\cores\8f0fbb3ca403d2454f9be1516613d648\core.a(HardwareSerial.cpp.o)
                0x0000000000003824                PROVIDE (__init_array_end = .)

.fini_array     0x0000000000003824        0x0
                0x0000000000003824                PROVIDE (__fini_array_start = .)
 *(SORT_BY_INIT_PRIORITY(.fini_array.*) SORT_BY_INIT_PRIORITY(.dtors.*))
 *(.fini_array EXCLUDE_FILE(*crtend?.o *crtend.o *crtbegin?.o *crtbegin.o) .dtors)
                0x0000000000003824                PROVIDE (__fini_array_end = .)

.ctors
 *crtbegin.o(.ctors)
 *crtbegin?.o(.ctors)
 *(EXCLUDE_FILE(*crtend?.o *crtend.o) .ctors)
 *(SORT_BY_NAME(.ctors.*))
 *(.ctors)

.dtors
 *crtbegin.o(.dtors)
 *crtbegin?.o(.dtors)
 *(EXCLUDE_FILE(*crtend?.o *crtend.o) .dtors)
 *(SORT_BY_NAME(.dtors.*))
 *(.dtors)

.dalign         0x0000000020000000        0x0 load address 0x0000000000003824
                0x0000000020000000                . = ALIGN (0x4)
                0x0000000020000000                PROVIDE (_data_vma = .)

.dlalign        0x0000000000003824        0x0
                0x0000000000003824                . = ALIGN (0x4)
                0x0000000000003824                PROVIDE (_data_lma = .)

.data           0x0000000020000000      0x158 load address 0x0000000000003824
                0x0000000020000000                . = ALIGN (0x4)
 *(.gnu.linkonce.r.*)
 *(.data .data.*)
 .data.GPIOPort
                0x0000000020000000        0xc C:\Users\Harry\AppData\Local\arduino\cores\8f0fbb3ca403d2454f9be1516613d648\core.a(PortNames.c.o)
                0x0000000020000000                GPIOPort
 .data._ZL13gpio_irq_conf
                0x000000002000000c       0x40 C:\Users\Harry\AppData\Local\arduino\cores\8f0fbb3ca403d2454f9be1516613d648\core.a(interrupt.cpp.o)
 .data.ADCPrescTable
                0x000000002000004c       0x14 C:\Users\Harry\AppData\Local\arduino\cores\8f0fbb3ca403d2454f9be1516613d648\core.a(ch32yyxx_rcc.c.o)
 .data.APBAHBPrescTable
                0x0000000020000060       0x10 C:\Users\Harry\AppData\Local\arduino\cores\8f0fbb3ca403d2454f9be1516613d648\core.a(ch32yyxx_rcc.c.o)
 .data.serial_debug
                0x0000000020000070       0x30 C:\Users\Harry\AppData\Local\arduino\cores\8f0fbb3ca403d2454f9be1516613d648\core.a(uart.c.o)
 .data.impure_data
                0x00000000200000a0       0x60 c:/users/harry/appdata/local/arduino15/packages/wch/tools/riscv-none-embed-gcc/8.2.0/bin/../lib/gcc/riscv-none-embed/8.2.0/../../../../riscv-none-embed/lib/rv32ecxw/ilp32e\libc_nano.a(lib_a-impure.o)
 *(.gnu.linkonce.d.*)
                0x0000000020000100                . = ALIGN (0x8)
                0x0000000020000900                PROVIDE (__global_pointer$ = (. + 0x800))
 *(.sdata .sdata.*)
 .sdata._ZL14g_chg_last_pin
                0x0000000020000100        0x4 C:\Users\Harry\AppData\Local\arduino\sketches\C7812F6FBA319B201987EC37DE8D29C9\sketch\fanControl_handheld.ino.cpp.o
 .sdata._ZZL8btn_taskmE3deb
                0x0000000020000104        0x4 C:\Users\Harry\AppData\Local\arduino\sketches\C7812F6FBA319B201987EC37DE8D29C9\sketch\fanControl_handheld.ino.cpp.o
 .sdata._ZZL8btn_taskmE7lastDeb
                0x0000000020000108        0x4 C:\Users\Harry\AppData\Local\arduino\sketches\C7812F6FBA319B201987EC37DE8D29C9\sketch\fanControl_handheld.ino.cpp.o
 .sdata._ZZL8btn_taskmE7lastRaw
                0x000000002000010c        0x4 C:\Users\Harry\AppData\Local\arduino\sketches\C7812F6FBA319B201987EC37DE8D29C9\sketch\fanControl_handheld.ino.cpp.o
 .sdata._ZL13g_current_pin
                0x0000000020000110        0x4 C:\Users\Harry\AppData\Local\arduino\cores\8f0fbb3ca403d2454f9be1516613d648\core.a(analog.cpp.o)
 .sdata.curbrk.4047
                0x0000000020000114        0x4 C:\Users\Harry\AppData\Local\arduino\cores\8f0fbb3ca403d2454f9be1516613d648\core.a(ch32yyxx_debug.c.o)
 .sdata.SystemCoreClock
                0x0000000020000118        0x4 C:\Users\Harry\AppData\Local\arduino\cores\8f0fbb3ca403d2454f9be1516613d648\core.a(system_ch32yyxx.c.o)
                0x0000000020000118                SystemCoreClock
 .sdata._internalReadResolution
                0x000000002000011c        0x4 C:\Users\Harry\AppData\Local\arduino\cores\8f0fbb3ca403d2454f9be1516613d648\core.a(wiring_analog.c.o)
 .sdata._internalWriteResolution
                0x0000000020000120        0x4 C:\Users\Harry\AppData\Local\arduino\cores\8f0fbb3ca403d2454f9be1516613d648\core.a(wiring_analog.c.o)
 .sdata._readResolution
                0x0000000020000124        0x4 C:\Users\Harry\AppData\Local\arduino\cores\8f0fbb3ca403d2454f9be1516613d648\core.a(wiring_analog.c.o)
 .sdata._writeFreq
                0x0000000020000128        0x4 C:\Users\Harry\AppData\Local\arduino\cores\8f0fbb3ca403d2454f9be1516613d648\core.a(wiring_analog.c.o)
 .sdata._writeResolution
                0x000000002000012c        0x4 C:\Users\Harry\AppData\Local\arduino\cores\8f0fbb3ca403d2454f9be1516613d648\core.a(wiring_analog.c.o)
 .sdata._impure_ptr
                0x0000000020000130        0x4 c:/users/harry/appdata/local/arduino15/packages/wch/tools/riscv-none-embed-gcc/8.2.0/bin/../lib/gcc/riscv-none-embed/8.2.0/../../../../riscv-none-embed/lib/rv32ecxw/ilp32e\libc_nano.a(lib_a-impure.o)
                0x0000000020000130                _impure_ptr
 *(.sdata2*)
 .sdata2.CSWTCH.104
                0x0000000020000134        0x4 C:\Users\Harry\AppData\Local\arduino\cores\8f0fbb3ca403d2454f9be1516613d648\core.a(HardwareTimer.cpp.o)
 .sdata2.CSWTCH.105
                0x0000000020000138        0x6 C:\Users\Harry\AppData\Local\arduino\cores\8f0fbb3ca403d2454f9be1516613d648\core.a(HardwareTimer.cpp.o)
 *fill*         0x000000002000013e        0x2 
 .sdata2.CSWTCH.106
                0x0000000020000140        0x8 C:\Users\Harry\AppData\Local\arduino\cores\8f0fbb3ca403d2454f9be1516613d648\core.a(HardwareTimer.cpp.o)
 .sdata2.CSWTCH.107
                0x0000000020000148        0x4 C:\Users\Harry\AppData\Local\arduino\cores\8f0fbb3ca403d2454f9be1516613d648\core.a(HardwareTimer.cpp.o)
 .sdata2.CSWTCH.108
                0x000000002000014c        0x4 C:\Users\Harry\AppData\Local\arduino\cores\8f0fbb3ca403d2454f9be1516613d648\core.a(HardwareTimer.cpp.o)
 .sdata2.CSWTCH.3
                0x0000000020000150        0x4 C:\Users\Harry\AppData\Local\arduino\cores\8f0fbb3ca403d2454f9be1516613d648\core.a(timer.c.o)
 *(.gnu.linkonce.s.*)
                0x0000000020000158                . = ALIGN (0x8)
 *fill*         0x0000000020000154        0x4 
 *(.srodata.cst16)
 *(.srodata.cst8)
 *(.srodata.cst4)
 *(.srodata.cst2)
 *(.srodata .srodata.*)
                0x0000000020000158                . = ALIGN (0x4)
                0x0000000020000158                PROVIDE (_edata = .)

.bss            0x0000000020000158      0x204 load address 0x000000000000397c
                0x0000000020000158                . = ALIGN (0x4)
                0x0000000020000158                PROVIDE (_sbss = .)
 *(.sbss*)
 .sbss._ZGVZL8btn_taskmE8tRelease
                0x0000000020000158        0x8 C:\Users\Harry\AppData\Local\arduino\sketches\C7812F6FBA319B201987EC37DE8D29C9\sketch\fanControl_handheld.ino.cpp.o
 .sbss._ZL11g_batt_tAdc
                0x0000000020000160        0x4 C:\Users\Harry\AppData\Local\arduino\sketches\C7812F6FBA319B201987EC37DE8D29C9\sketch\fanControl_handheld.ino.cpp.o
 .sbss._ZL11g_led_dirty
                0x0000000020000164        0x1 C:\Users\Harry\AppData\Local\arduino\sketches\C7812F6FBA319B201987EC37DE8D29C9\sketch\fanControl_handheld.ino.cpp.o
 .sbss._ZL12g_batt_valid
                0x0000000020000165        0x1 C:\Users\Harry\AppData\Local\arduino\sketches\C7812F6FBA319B201987EC37DE8D29C9\sketch\fanControl_handheld.ino.cpp.o
 .sbss._ZL12g_chargeFlag
                0x0000000020000166        0x1 C:\Users\Harry\AppData\Local\arduino\sketches\C7812F6FBA319B201987EC37DE8D29C9\sketch\fanControl_handheld.ino.cpp.o
 *fill*         0x0000000020000167        0x1 
 .sbss._ZL13g_batt_socPct
                0x0000000020000168        0x4 C:\Users\Harry\AppData\Local\arduino\sketches\C7812F6FBA319B201987EC37DE8D29C9\sketch\fanControl_handheld.ino.cpp.o
 .sbss._ZL13g_chg_tStable
                0x000000002000016c        0x4 C:\Users\Harry\AppData\Local\arduino\sketches\C7812F6FBA319B201987EC37DE8D29C9\sketch\fanControl_handheld.ino.cpp.o
 .sbss._ZL14g_chgPrevState
                0x0000000020000170        0x4 C:\Users\Harry\AppData\Local\arduino\sketches\C7812F6FBA319B201987EC37DE8D29C9\sketch\fanControl_handheld.ino.cpp.o
 .sbss._ZL19g_led_t_last_millis
                0x0000000020000174        0x4 C:\Users\Harry\AppData\Local\arduino\sketches\C7812F6FBA319B201987EC37DE8D29C9\sketch\fanControl_handheld.ino.cpp.o
 .sbss._ZL7g_led_B
                0x0000000020000178        0x4 C:\Users\Harry\AppData\Local\arduino\sketches\C7812F6FBA319B201987EC37DE8D29C9\sketch\fanControl_handheld.ino.cpp.o
 .sbss._ZL7g_led_G
                0x000000002000017c        0x4 C:\Users\Harry\AppData\Local\arduino\sketches\C7812F6FBA319B201987EC37DE8D29C9\sketch\fanControl_handheld.ino.cpp.o
 .sbss._ZL7g_led_R
                0x0000000020000180        0x4 C:\Users\Harry\AppData\Local\arduino\sketches\C7812F6FBA319B201987EC37DE8D29C9\sketch\fanControl_handheld.ino.cpp.o
 .sbss._ZL7g_state
                0x0000000020000184        0x4 C:\Users\Harry\AppData\Local\arduino\sketches\C7812F6FBA319B201987EC37DE8D29C9\sketch\fanControl_handheld.ino.cpp.o
 .sbss._ZL7g_tWait
                0x0000000020000188        0x4 C:\Users\Harry\AppData\Local\arduino\sketches\C7812F6FBA319B201987EC37DE8D29C9\sketch\fanControl_handheld.ino.cpp.o
 .sbss._ZL9g_dutyIdx
                0x000000002000018c        0x4 C:\Users\Harry\AppData\Local\arduino\sketches\C7812F6FBA319B201987EC37DE8D29C9\sketch\fanControl_handheld.ino.cpp.o
 .sbss._ZZL8btn_taskmE5tLast
                0x0000000020000190        0x4 C:\Users\Harry\AppData\Local\arduino\sketches\C7812F6FBA319B201987EC37DE8D29C9\sketch\fanControl_handheld.ino.cpp.o
 .sbss._ZZL8btn_taskmE6clicks
                0x0000000020000194        0x4 C:\Users\Harry\AppData\Local\arduino\sketches\C7812F6FBA319B201987EC37DE8D29C9\sketch\fanControl_handheld.ino.cpp.o
 .sbss._ZZL8btn_taskmE6tPress
                0x0000000020000198        0x4 C:\Users\Harry\AppData\Local\arduino\sketches\C7812F6FBA319B201987EC37DE8D29C9\sketch\fanControl_handheld.ino.cpp.o
 .sbss._ZZL8btn_taskmE7tStable
                0x000000002000019c        0x4 C:\Users\Harry\AppData\Local\arduino\sketches\C7812F6FBA319B201987EC37DE8D29C9\sketch\fanControl_handheld.ino.cpp.o
 .sbss._ZZL8btn_taskmE8longDone
                0x00000000200001a0        0x1 C:\Users\Harry\AppData\Local\arduino\sketches\C7812F6FBA319B201987EC37DE8D29C9\sketch\fanControl_handheld.ino.cpp.o
 *fill*         0x00000000200001a1        0x3 
 .sbss._ZZL8btn_taskmE8tRelease
                0x00000000200001a4        0x4 C:\Users\Harry\AppData\Local\arduino\sketches\C7812F6FBA319B201987EC37DE8D29C9\sketch\fanControl_handheld.ino.cpp.o
 .sbss._ZZL9batt_taskvE3idx
                0x00000000200001a8        0x4 C:\Users\Harry\AppData\Local\arduino\sketches\C7812F6FBA319B201987EC37DE8D29C9\sketch\fanControl_handheld.ino.cpp.o
 .sbss.HardwareTimer_Handle
                0x00000000200001ac        0x8 C:\Users\Harry\AppData\Local\arduino\cores\8f0fbb3ca403d2454f9be1516613d648\core.a(HardwareTimer.cpp.o)
                0x00000000200001ac                HardwareTimer_Handle
 *fill*         0x00000000200001b4        0x4 
 .sbss.msTick   0x00000000200001b8        0x8 C:\Users\Harry\AppData\Local\arduino\cores\8f0fbb3ca403d2454f9be1516613d648\core.a(clock.c.o)
                0x00000000200001b8                msTick
 .sbss.uart_handlers
                0x00000000200001c0        0x4 C:\Users\Harry\AppData\Local\arduino\cores\8f0fbb3ca403d2454f9be1516613d648\core.a(uart.c.o)
 .sbss._ZN12_GLOBAL__N_113__new_handlerE
                0x00000000200001c4        0x4 c:/users/harry/appdata/local/arduino15/packages/wch/tools/riscv-none-embed-gcc/8.2.0/bin/../lib/gcc/riscv-none-embed/8.2.0/../../../../riscv-none-embed/lib/rv32ecxw/ilp32e\libstdc++_nano.a(new_handler.o)
 .sbss.__malloc_free_list
                0x00000000200001c8        0x4 c:/users/harry/appdata/local/arduino15/packages/wch/tools/riscv-none-embed-gcc/8.2.0/bin/../lib/gcc/riscv-none-embed/8.2.0/../../../../riscv-none-embed/lib/rv32ecxw/ilp32e\libc_nano.a(lib_a-nano-mallocr.o)
                0x00000000200001c8                __malloc_free_list
 .sbss.__malloc_sbrk_start
                0x00000000200001cc        0x4 c:/users/harry/appdata/local/arduino15/packages/wch/tools/riscv-none-embed-gcc/8.2.0/bin/../lib/gcc/riscv-none-embed/8.2.0/../../../../riscv-none-embed/lib/rv32ecxw/ilp32e\libc_nano.a(lib_a-nano-mallocr.o)
                0x00000000200001cc                __malloc_sbrk_start
 .sbss._global_atexit
                0x00000000200001d0        0x4 c:/users/harry/appdata/local/arduino15/packages/wch/tools/riscv-none-embed-gcc/8.2.0/bin/../lib/gcc/riscv-none-embed/8.2.0/../../../../riscv-none-embed/lib/rv32ecxw/ilp32e\libc_nano.a(lib_a-__call_atexit.o)
                0x00000000200001d0                _global_atexit
 *(.gnu.linkonce.sb.*)
 *(.bss*)
 .bss._ZL16g_ws2812_dma_buf
                0x00000000200001d4       0x94 C:\Users\Harry\AppData\Local\arduino\sketches\C7812F6FBA319B201987EC37DE8D29C9\sketch\fanControl_handheld.ino.cpp.o
 .bss._ZZL9batt_taskvE3buf
                0x0000000020000268       0x10 C:\Users\Harry\AppData\Local\arduino\sketches\C7812F6FBA319B201987EC37DE8D29C9\sketch\fanControl_handheld.ino.cpp.o
 .bss.Serial1   0x0000000020000278       0x48 C:\Users\Harry\AppData\Local\arduino\cores\8f0fbb3ca403d2454f9be1516613d648\core.a(HardwareSerial.cpp.o)
                0x0000000020000278                Serial1
 .bss.g_anOutputPinConfigured
                0x00000000200002c0        0xc C:\Users\Harry\AppData\Local\arduino\cores\8f0fbb3ca403d2454f9be1516613d648\core.a(wiring_analog.c.o)
                0x00000000200002c0                g_anOutputPinConfigured
 .bss._global_atexit0
                0x00000000200002cc       0x8c c:/users/harry/appdata/local/arduino15/packages/wch/tools/riscv-none-embed-gcc/8.2.0/bin/../lib/gcc/riscv-none-embed/8.2.0/../../../../riscv-none-embed/lib/rv32ecxw/ilp32e\libc_nano.a(lib_a-__atexit.o)
 *(.gnu.linkonce.b.*)
 *(COMMON*)
 COMMON         0x0000000020000358        0x4 c:/users/harry/appdata/local/arduino15/packages/wch/tools/riscv-none-embed-gcc/8.2.0/bin/../lib/gcc/riscv-none-embed/8.2.0/../../../../riscv-none-embed/lib/rv32ecxw/ilp32e\libc_nano.a(lib_a-reent.o)
                0x0000000020000358                errno
                0x000000002000035c                . = ALIGN (0x4)
                0x000000002000035c                PROVIDE (_ebss = .)
                0x000000002000035c                PROVIDE (_end = _ebss)
                [!provide]                        PROVIDE (end = .)

.stack          0x0000000020000640      0x1c0
                0x0000000020000640                PROVIDE (_heap_end = .)
                0x0000000020000640                . = ALIGN (0x4)
                [!provide]                        PROVIDE (_susrstack = .)
                0x0000000020000800                . = (. + __stack_size)
 *fill*         0x0000000020000640      0x1c0 
                0x0000000020000800                PROVIDE (_eusrstack = .)
OUTPUT(C:\Users\Harry\AppData\Local\arduino\sketches\C7812F6FBA319B201987EC37DE8D29C9/fanControl_handheld.ino.elf elf32-littleriscv)

.debug_info     0x0000000000000000    0x41d2c
 .debug_info    0x0000000000000000     0x51a2 C:\Users\Harry\AppData\Local\arduino\sketches\C7812F6FBA319B201987EC37DE8D29C9\sketch\fanControl_handheld.ino.cpp.o
 .debug_info    0x00000000000051a2     0x1516 C:\Users\Harry\AppData\Local\arduino\sketches\C7812F6FBA319B201987EC37DE8D29C9\core\PeripheralPins.c.o
 .debug_info    0x00000000000066b8     0x12fb C:\Users\Harry\AppData\Local\arduino\sketches\C7812F6FBA319B201987EC37DE8D29C9\core\variant_CH32V003F4.cpp.o
 .debug_info    0x00000000000079b3     0x51a4 C:\Users\Harry\AppData\Local\arduino\cores\8f0fbb3ca403d2454f9be1516613d648\core.a(HardwareSerial.cpp.o)
 .debug_info    0x000000000000cb57     0x7bf0 C:\Users\Harry\AppData\Local\arduino\cores\8f0fbb3ca403d2454f9be1516613d648\core.a(HardwareTimer.cpp.o)
 .debug_info    0x0000000000014747     0x632a C:\Users\Harry\AppData\Local\arduino\cores\8f0fbb3ca403d2454f9be1516613d648\core.a(Stream.cpp.o)
 .debug_info    0x000000000001aa71     0x458c C:\Users\Harry\AppData\Local\arduino\cores\8f0fbb3ca403d2454f9be1516613d648\core.a(WInterrupts.cpp.o)
 .debug_info    0x000000000001effd      0xdd1 C:\Users\Harry\AppData\Local\arduino\cores\8f0fbb3ca403d2454f9be1516613d648\core.a(board.c.o)
 .debug_info    0x000000000001fdce      0xab9 C:\Users\Harry\AppData\Local\arduino\cores\8f0fbb3ca403d2454f9be1516613d648\core.a(PortNames.c.o)
 .debug_info    0x0000000000020887     0x459a C:\Users\Harry\AppData\Local\arduino\cores\8f0fbb3ca403d2454f9be1516613d648\core.a(analog.cpp.o)
 .debug_info    0x0000000000024e21      0xaad C:\Users\Harry\AppData\Local\arduino\cores\8f0fbb3ca403d2454f9be1516613d648\core.a(clock.c.o)
 .debug_info    0x00000000000258ce      0xd58 C:\Users\Harry\AppData\Local\arduino\cores\8f0fbb3ca403d2454f9be1516613d648\core.a(hw_config.c.o)
 .debug_info    0x0000000000026626     0x4b04 C:\Users\Harry\AppData\Local\arduino\cores\8f0fbb3ca403d2454f9be1516613d648\core.a(interrupt.cpp.o)
 .debug_info    0x000000000002b12a     0x1526 C:\Users\Harry\AppData\Local\arduino\cores\8f0fbb3ca403d2454f9be1516613d648\core.a(ch32yyxx_adc.c.o)
 .debug_info    0x000000000002c650      0xe5d C:\Users\Harry\AppData\Local\arduino\cores\8f0fbb3ca403d2454f9be1516613d648\core.a(ch32yyxx_debug.c.o)
 .debug_info    0x000000000002d4ad      0xc05 C:\Users\Harry\AppData\Local\arduino\cores\8f0fbb3ca403d2454f9be1516613d648\core.a(ch32yyxx_exti.c.o)
 .debug_info    0x000000000002e0b2      0xf89 C:\Users\Harry\AppData\Local\arduino\cores\8f0fbb3ca403d2454f9be1516613d648\core.a(ch32yyxx_gpio.c.o)
 .debug_info    0x000000000002f03b      0x962 C:\Users\Harry\AppData\Local\arduino\cores\8f0fbb3ca403d2454f9be1516613d648\core.a(ch32yyxx_it.c.o)
 .debug_info    0x000000000002f99d     0x1063 C:\Users\Harry\AppData\Local\arduino\cores\8f0fbb3ca403d2454f9be1516613d648\core.a(ch32yyxx_rcc.c.o)
 .debug_info    0x0000000000030a00     0x2949 C:\Users\Harry\AppData\Local\arduino\cores\8f0fbb3ca403d2454f9be1516613d648\core.a(ch32yyxx_tim.c.o)
 .debug_info    0x0000000000033349     0x1351 C:\Users\Harry\AppData\Local\arduino\cores\8f0fbb3ca403d2454f9be1516613d648\core.a(ch32yyxx_usart.c.o)
 .debug_info    0x000000000003469a      0xb59 C:\Users\Harry\AppData\Local\arduino\cores\8f0fbb3ca403d2454f9be1516613d648\core.a(system_ch32yyxx.c.o)
 .debug_info    0x00000000000351f3     0x1189 C:\Users\Harry\AppData\Local\arduino\cores\8f0fbb3ca403d2454f9be1516613d648\core.a(pinmap.c.o)
 .debug_info    0x000000000003637c     0x1941 C:\Users\Harry\AppData\Local\arduino\cores\8f0fbb3ca403d2454f9be1516613d648\core.a(timer.c.o)
 .debug_info    0x0000000000037cbd     0x17bd C:\Users\Harry\AppData\Local\arduino\cores\8f0fbb3ca403d2454f9be1516613d648\core.a(uart.c.o)
 .debug_info    0x000000000003947a       0x7e C:\Users\Harry\AppData\Local\arduino\cores\8f0fbb3ca403d2454f9be1516613d648\core.a(hooks.c.o)
 .debug_info    0x00000000000394f8     0x42f9 C:\Users\Harry\AppData\Local\arduino\cores\8f0fbb3ca403d2454f9be1516613d648\core.a(main.cpp.o)
 .debug_info    0x000000000003d7f1     0x1438 C:\Users\Harry\AppData\Local\arduino\cores\8f0fbb3ca403d2454f9be1516613d648\core.a(pins_arduino.cpp.o)
 .debug_info    0x000000000003ec29     0x1133 C:\Users\Harry\AppData\Local\arduino\cores\8f0fbb3ca403d2454f9be1516613d648\core.a(wiring_analog.c.o)
 .debug_info    0x000000000003fd5c     0x1164 C:\Users\Harry\AppData\Local\arduino\cores\8f0fbb3ca403d2454f9be1516613d648\core.a(wiring_digital.c.o)
 .debug_info    0x0000000000040ec0      0xe6c C:\Users\Harry\AppData\Local\arduino\cores\8f0fbb3ca403d2454f9be1516613d648\core.a(wiring_time.c.o)

.debug_abbrev   0x0000000000000000     0x8918
 .debug_abbrev  0x0000000000000000      0x928 C:\Users\Harry\AppData\Local\arduino\sketches\C7812F6FBA319B201987EC37DE8D29C9\sketch\fanControl_handheld.ino.cpp.o
 .debug_abbrev  0x0000000000000928      0x254 C:\Users\Harry\AppData\Local\arduino\sketches\C7812F6FBA319B201987EC37DE8D29C9\core\PeripheralPins.c.o
 .debug_abbrev  0x0000000000000b7c      0x306 C:\Users\Harry\AppData\Local\arduino\sketches\C7812F6FBA319B201987EC37DE8D29C9\core\variant_CH32V003F4.cpp.o
 .debug_abbrev  0x0000000000000e82      0x8b0 C:\Users\Harry\AppData\Local\arduino\cores\8f0fbb3ca403d2454f9be1516613d648\core.a(HardwareSerial.cpp.o)
 .debug_abbrev  0x0000000000001732      0xbed C:\Users\Harry\AppData\Local\arduino\cores\8f0fbb3ca403d2454f9be1516613d648\core.a(HardwareTimer.cpp.o)
 .debug_abbrev  0x000000000000231f      0xa06 C:\Users\Harry\AppData\Local\arduino\cores\8f0fbb3ca403d2454f9be1516613d648\core.a(Stream.cpp.o)
 .debug_abbrev  0x0000000000002d25      0x714 C:\Users\Harry\AppData\Local\arduino\cores\8f0fbb3ca403d2454f9be1516613d648\core.a(WInterrupts.cpp.o)
 .debug_abbrev  0x0000000000003439      0x272 C:\Users\Harry\AppData\Local\arduino\cores\8f0fbb3ca403d2454f9be1516613d648\core.a(board.c.o)
 .debug_abbrev  0x00000000000036ab      0x263 C:\Users\Harry\AppData\Local\arduino\cores\8f0fbb3ca403d2454f9be1516613d648\core.a(PortNames.c.o)
 .debug_abbrev  0x000000000000390e      0x828 C:\Users\Harry\AppData\Local\arduino\cores\8f0fbb3ca403d2454f9be1516613d648\core.a(analog.cpp.o)
 .debug_abbrev  0x0000000000004136      0x2a0 C:\Users\Harry\AppData\Local\arduino\cores\8f0fbb3ca403d2454f9be1516613d648\core.a(clock.c.o)
 .debug_abbrev  0x00000000000043d6      0x2a4 C:\Users\Harry\AppData\Local\arduino\cores\8f0fbb3ca403d2454f9be1516613d648\core.a(hw_config.c.o)
 .debug_abbrev  0x000000000000467a      0x84b C:\Users\Harry\AppData\Local\arduino\cores\8f0fbb3ca403d2454f9be1516613d648\core.a(interrupt.cpp.o)
 .debug_abbrev  0x0000000000004ec5      0x307 C:\Users\Harry\AppData\Local\arduino\cores\8f0fbb3ca403d2454f9be1516613d648\core.a(ch32yyxx_adc.c.o)
 .debug_abbrev  0x00000000000051cc      0x309 C:\Users\Harry\AppData\Local\arduino\cores\8f0fbb3ca403d2454f9be1516613d648\core.a(ch32yyxx_debug.c.o)
 .debug_abbrev  0x00000000000054d5      0x2da C:\Users\Harry\AppData\Local\arduino\cores\8f0fbb3ca403d2454f9be1516613d648\core.a(ch32yyxx_exti.c.o)
 .debug_abbrev  0x00000000000057af      0x2f8 C:\Users\Harry\AppData\Local\arduino\cores\8f0fbb3ca403d2454f9be1516613d648\core.a(ch32yyxx_gpio.c.o)
 .debug_abbrev  0x0000000000005aa7      0x1cf C:\Users\Harry\AppData\Local\arduino\cores\8f0fbb3ca403d2454f9be1516613d648\core.a(ch32yyxx_it.c.o)
 .debug_abbrev  0x0000000000005c76      0x36d C:\Users\Harry\AppData\Local\arduino\cores\8f0fbb3ca403d2454f9be1516613d648\core.a(ch32yyxx_rcc.c.o)
 .debug_abbrev  0x0000000000005fe3      0x408 C:\Users\Harry\AppData\Local\arduino\cores\8f0fbb3ca403d2454f9be1516613d648\core.a(ch32yyxx_tim.c.o)
 .debug_abbrev  0x00000000000063eb      0x323 C:\Users\Harry\AppData\Local\arduino\cores\8f0fbb3ca403d2454f9be1516613d648\core.a(ch32yyxx_usart.c.o)
 .debug_abbrev  0x000000000000670e      0x269 C:\Users\Harry\AppData\Local\arduino\cores\8f0fbb3ca403d2454f9be1516613d648\core.a(system_ch32yyxx.c.o)
 .debug_abbrev  0x0000000000006977      0x356 C:\Users\Harry\AppData\Local\arduino\cores\8f0fbb3ca403d2454f9be1516613d648\core.a(pinmap.c.o)
 .debug_abbrev  0x0000000000006ccd      0x414 C:\Users\Harry\AppData\Local\arduino\cores\8f0fbb3ca403d2454f9be1516613d648\core.a(timer.c.o)
 .debug_abbrev  0x00000000000070e1      0x413 C:\Users\Harry\AppData\Local\arduino\cores\8f0fbb3ca403d2454f9be1516613d648\core.a(uart.c.o)
 .debug_abbrev  0x00000000000074f4       0x40 C:\Users\Harry\AppData\Local\arduino\cores\8f0fbb3ca403d2454f9be1516613d648\core.a(hooks.c.o)
 .debug_abbrev  0x0000000000007534      0x670 C:\Users\Harry\AppData\Local\arduino\cores\8f0fbb3ca403d2454f9be1516613d648\core.a(main.cpp.o)
 .debug_abbrev  0x0000000000007ba4      0x372 C:\Users\Harry\AppData\Local\arduino\cores\8f0fbb3ca403d2454f9be1516613d648\core.a(pins_arduino.cpp.o)
 .debug_abbrev  0x0000000000007f16      0x3cd C:\Users\Harry\AppData\Local\arduino\cores\8f0fbb3ca403d2454f9be1516613d648\core.a(wiring_analog.c.o)
 .debug_abbrev  0x00000000000082e3      0x37a C:\Users\Harry\AppData\Local\arduino\cores\8f0fbb3ca403d2454f9be1516613d648\core.a(wiring_digital.c.o)
 .debug_abbrev  0x000000000000865d      0x2bb C:\Users\Harry\AppData\Local\arduino\cores\8f0fbb3ca403d2454f9be1516613d648\core.a(wiring_time.c.o)

.debug_loc      0x0000000000000000     0x921e
 .debug_loc     0x0000000000000000      0x491 C:\Users\Harry\AppData\Local\arduino\sketches\C7812F6FBA319B201987EC37DE8D29C9\sketch\fanControl_handheld.ino.cpp.o
 .debug_loc     0x0000000000000491      0x4f9 C:\Users\Harry\AppData\Local\arduino\cores\8f0fbb3ca403d2454f9be1516613d648\core.a(HardwareSerial.cpp.o)
 .debug_loc     0x000000000000098a     0x2219 C:\Users\Harry\AppData\Local\arduino\cores\8f0fbb3ca403d2454f9be1516613d648\core.a(HardwareTimer.cpp.o)
 .debug_loc     0x0000000000002ba3      0xcca C:\Users\Harry\AppData\Local\arduino\cores\8f0fbb3ca403d2454f9be1516613d648\core.a(Stream.cpp.o)
 .debug_loc     0x000000000000386d      0x1cf C:\Users\Harry\AppData\Local\arduino\cores\8f0fbb3ca403d2454f9be1516613d648\core.a(WInterrupts.cpp.o)
 .debug_loc     0x0000000000003a3c       0xbb C:\Users\Harry\AppData\Local\arduino\cores\8f0fbb3ca403d2454f9be1516613d648\core.a(PortNames.c.o)
 .debug_loc     0x0000000000003af7      0x304 C:\Users\Harry\AppData\Local\arduino\cores\8f0fbb3ca403d2454f9be1516613d648\core.a(analog.cpp.o)
 .debug_loc     0x0000000000003dfb       0x63 C:\Users\Harry\AppData\Local\arduino\cores\8f0fbb3ca403d2454f9be1516613d648\core.a(clock.c.o)
 .debug_loc     0x0000000000003e5e       0x3d C:\Users\Harry\AppData\Local\arduino\cores\8f0fbb3ca403d2454f9be1516613d648\core.a(hw_config.c.o)
 .debug_loc     0x0000000000003e9b      0x2aa C:\Users\Harry\AppData\Local\arduino\cores\8f0fbb3ca403d2454f9be1516613d648\core.a(interrupt.cpp.o)
 .debug_loc     0x0000000000004145      0x9fa C:\Users\Harry\AppData\Local\arduino\cores\8f0fbb3ca403d2454f9be1516613d648\core.a(ch32yyxx_adc.c.o)
 .debug_loc     0x0000000000004b3f       0xbd C:\Users\Harry\AppData\Local\arduino\cores\8f0fbb3ca403d2454f9be1516613d648\core.a(ch32yyxx_debug.c.o)
 .debug_loc     0x0000000000004bfc      0x181 C:\Users\Harry\AppData\Local\arduino\cores\8f0fbb3ca403d2454f9be1516613d648\core.a(ch32yyxx_exti.c.o)
 .debug_loc     0x0000000000004d7d      0x670 C:\Users\Harry\AppData\Local\arduino\cores\8f0fbb3ca403d2454f9be1516613d648\core.a(ch32yyxx_gpio.c.o)
 .debug_loc     0x00000000000053ed      0x59f C:\Users\Harry\AppData\Local\arduino\cores\8f0fbb3ca403d2454f9be1516613d648\core.a(ch32yyxx_rcc.c.o)
 .debug_loc     0x000000000000598c     0x1936 C:\Users\Harry\AppData\Local\arduino\cores\8f0fbb3ca403d2454f9be1516613d648\core.a(ch32yyxx_tim.c.o)
 .debug_loc     0x00000000000072c2      0x735 C:\Users\Harry\AppData\Local\arduino\cores\8f0fbb3ca403d2454f9be1516613d648\core.a(ch32yyxx_usart.c.o)
 .debug_loc     0x00000000000079f7       0x55 C:\Users\Harry\AppData\Local\arduino\cores\8f0fbb3ca403d2454f9be1516613d648\core.a(system_ch32yyxx.c.o)
 .debug_loc     0x0000000000007a4c      0x7ce C:\Users\Harry\AppData\Local\arduino\cores\8f0fbb3ca403d2454f9be1516613d648\core.a(pinmap.c.o)
 .debug_loc     0x000000000000821a      0x3c0 C:\Users\Harry\AppData\Local\arduino\cores\8f0fbb3ca403d2454f9be1516613d648\core.a(timer.c.o)
 .debug_loc     0x00000000000085da      0x504 C:\Users\Harry\AppData\Local\arduino\cores\8f0fbb3ca403d2454f9be1516613d648\core.a(uart.c.o)
 .debug_loc     0x0000000000008ade      0x186 C:\Users\Harry\AppData\Local\arduino\cores\8f0fbb3ca403d2454f9be1516613d648\core.a(pins_arduino.cpp.o)
 .debug_loc     0x0000000000008c64      0x25f C:\Users\Harry\AppData\Local\arduino\cores\8f0fbb3ca403d2454f9be1516613d648\core.a(wiring_analog.c.o)
 .debug_loc     0x0000000000008ec3      0x31f C:\Users\Harry\AppData\Local\arduino\cores\8f0fbb3ca403d2454f9be1516613d648\core.a(wiring_digital.c.o)
 .debug_loc     0x00000000000091e2       0x3c C:\Users\Harry\AppData\Local\arduino\cores\8f0fbb3ca403d2454f9be1516613d648\core.a(wiring_time.c.o)

.debug_aranges  0x0000000000000000      0xef8
 .debug_aranges
                0x0000000000000000       0x68 C:\Users\Harry\AppData\Local\arduino\sketches\C7812F6FBA319B201987EC37DE8D29C9\sketch\fanControl_handheld.ino.cpp.o
 .debug_aranges
                0x0000000000000068       0x18 C:\Users\Harry\AppData\Local\arduino\sketches\C7812F6FBA319B201987EC37DE8D29C9\core\PeripheralPins.c.o
 .debug_aranges
                0x0000000000000080       0x18 C:\Users\Harry\AppData\Local\arduino\sketches\C7812F6FBA319B201987EC37DE8D29C9\core\variant_CH32V003F4.cpp.o
 .debug_aranges
                0x0000000000000098       0xc8 C:\Users\Harry\AppData\Local\arduino\cores\8f0fbb3ca403d2454f9be1516613d648\core.a(HardwareSerial.cpp.o)
 .debug_aranges
                0x0000000000000160      0x1c8 C:\Users\Harry\AppData\Local\arduino\cores\8f0fbb3ca403d2454f9be1516613d648\core.a(HardwareTimer.cpp.o)
 .debug_aranges